Archive member included because of file (symbol)

/opt/hisi-linux-nptl/arm-hisiv100-linux/bin/../target/usr/lib/libpthread.a(pthread_create.os)
                              main.o (pthread_create)
/opt/hisi-linux-nptl/arm-hisiv100-linux/bin/../target/usr/lib/libpthread.a(pthread_getspecific.os)
                              /opt/hisi-linux-nptl/arm-hisiv100-linux/bin/../target/usr/lib/libpthread.a(pthread_create.os) (pthread_getspecific)
/opt/hisi-linux-nptl/arm-hisiv100-linux/bin/../target/usr/lib/libpthread.a(pthread_key_create.os)
                              /opt/hisi-linux-nptl/arm-hisiv100-linux/bin/../target/usr/lib/libpthread.a(pthread_create.os) (pthread_key_create)
/opt/hisi-linux-nptl/arm-hisiv100-linux/bin/../target/usr/lib/libpthread.a(pthread_key_delete.os)
                              /opt/hisi-linux-nptl/arm-hisiv100-linux/bin/../target/usr/lib/libpthread.a(pthread_create.os) (pthread_key_delete)
/opt/hisi-linux-nptl/arm-hisiv100-linux/bin/../target/usr/lib/libpthread.a(pthread_mutex_destroy.os)
                              videoenc.o (pthread_mutex_destroy)
/opt/hisi-linux-nptl/arm-hisiv100-linux/bin/../target/usr/lib/libpthread.a(pthread_mutex_init.os)
                              videoenc.o (pthread_mutex_init)
/opt/hisi-linux-nptl/arm-hisiv100-linux/bin/../target/usr/lib/libpthread.a(pthread_mutex_lock.os)
                              videoenc.o (pthread_mutex_lock)
/opt/hisi-linux-nptl/arm-hisiv100-linux/bin/../target/usr/lib/libpthread.a(pthread_mutex_trylock.os)
                              /opt/hisi-linux-nptl/arm-hisiv100-linux/bin/../target/usr/lib/libpthread.a(pthread_create.os) (pthread_mutex_trylock)
/opt/hisi-linux-nptl/arm-hisiv100-linux/bin/../target/usr/lib/libpthread.a(pthread_mutex_unlock.os)
                              videoenc.o (pthread_mutex_unlock)
/opt/hisi-linux-nptl/arm-hisiv100-linux/bin/../target/usr/lib/libpthread.a(pthread_once.os)
                              /opt/hisi-linux-nptl/arm-hisiv100-linux/bin/../target/usr/lib/libpthread.a(pthread_create.os) (pthread_once)
/opt/hisi-linux-nptl/arm-hisiv100-linux/bin/../target/usr/lib/libpthread.a(pthread_setspecific.os)
                              /opt/hisi-linux-nptl/arm-hisiv100-linux/bin/../target/usr/lib/libpthread.a(pthread_create.os) (pthread_setspecific)
/opt/hisi-linux-nptl/arm-hisiv100-linux/bin/../target/usr/lib/libpthread.a(tpp.os)
                              /opt/hisi-linux-nptl/arm-hisiv100-linux/bin/../target/usr/lib/libpthread.a(pthread_mutex_lock.os) (__pthread_current_priority)
/opt/hisi-linux-nptl/arm-hisiv100-linux/bin/../target/usr/lib/libpthread.a(vars.os)
                              /opt/hisi-linux-nptl/arm-hisiv100-linux/bin/../target/usr/lib/libpthread.a(pthread_create.os) (__default_stacksize)
/opt/hisi-linux-nptl/arm-hisiv100-linux/bin/../target/usr/lib/libpthread.a(aeabi_read_tp.os)
                              /opt/hisi-linux-nptl/arm-hisiv100-linux/bin/../target/usr/lib/libpthread.a(pthread_create.os) (__aeabi_read_tp)
/opt/hisi-linux-nptl/arm-hisiv100-linux/bin/../target/usr/lib/libpthread.a(cancellation.os)
                              /opt/hisi-linux-nptl/arm-hisiv100-linux/bin/../target/usr/lib/libpthread.a(pthread_create.os) (__pthread_disable_asynccancel)
/opt/hisi-linux-nptl/arm-hisiv100-linux/bin/../target/usr/lib/libpthread.a(cleanup_defer_compat.os)
                              /opt/hisi-linux-nptl/arm-hisiv100-linux/bin/../target/usr/lib/libpthread.a(pthread_create.os) (_pthread_cleanup_push_defer)
/opt/hisi-linux-nptl/arm-hisiv100-linux/bin/../target/usr/lib/libpthread.a(events.os)
                              /opt/hisi-linux-nptl/arm-hisiv100-linux/bin/../target/usr/lib/libpthread.a(pthread_create.os) (__GI___nptl_create_event)
/opt/hisi-linux-nptl/arm-hisiv100-linux/bin/../target/usr/lib/libpthread.a(init.os)
                              /opt/hisi-linux-nptl/arm-hisiv100-linux/bin/../target/usr/lib/libpthread.a(pthread_create.os) (__xidcmd)
/opt/hisi-linux-nptl/arm-hisiv100-linux/bin/../target/usr/lib/libpthread.a(lowlevellock.os)
                              /opt/hisi-linux-nptl/arm-hisiv100-linux/bin/../target/usr/lib/libpthread.a(pthread_create.os) (__lll_lock_wait_private)
/opt/hisi-linux-nptl/arm-hisiv100-linux/bin/../target/usr/lib/libpthread.a(lowlevelrobustlock.os)
                              /opt/hisi-linux-nptl/arm-hisiv100-linux/bin/../target/usr/lib/libpthread.a(pthread_mutex_lock.os) (__lll_robust_lock_wait)
/opt/hisi-linux-nptl/arm-hisiv100-linux/bin/../target/usr/lib/libpthread.a(pthread_cancel.os)
                              /opt/hisi-linux-nptl/arm-hisiv100-linux/bin/../target/usr/lib/libpthread.a(pthread_create.os) (pthread_cancel)
/opt/hisi-linux-nptl/arm-hisiv100-linux/bin/../target/usr/lib/libpthread.a(unwind.os)
                              /opt/hisi-linux-nptl/arm-hisiv100-linux/bin/../target/usr/lib/libpthread.a(cancellation.os) (__GI___pthread_unwind)
[...]
Memory Configuration

Name             Origin             Length             Attributes
*default*        0x00000000         0xffffffff

Linker script and memory map

LOAD /opt/hisi-linux-nptl/arm-hisiv100-linux/bin/../target/usr/lib/crt1.o
LOAD /opt/hisi-linux-nptl/arm-hisiv100-linux/bin/../target/usr/lib/crti.o
LOAD /opt/hisi-linux-nptl/arm-hisiv100-linux/bin/../lib/gcc/arm-hisiv100-linux-uclibcgnueabi/4.4.1/crtbeginT.o
LOAD main.o
LOAD init.o
LOAD fvideo.o
LOAD videoenc.o
LOAD dvr/i2c/i2c.o
LOAD dvr/sysreg/sys_reg_public.o
LOAD /opt/hisi-linux-nptl/arm-hisiv100-linux/bin/../target/usr/lib/libpthread.a
LOAD ./lib/libmpi.a
LOAD ./lib/libVoiceEngine.a
LOAD ./lib/libaec.a
LOAD ./lib/libanr.a
LOAD ./lib/libhdmi.a
LOAD ./lib/libjpeg6b.a
LOAD ./lib/libmem.a
LOAD ./lib/libresampler.a
LOAD ./lib/libtde.a
LOAD ./lib/libvqev2.a
START GROUP
LOAD /opt/hisi-linux-nptl/arm-hisiv100-linux/bin/../lib/gcc/arm-hisiv100-linux-uclibcgnueabi/4.4.1/libgcc.a
LOAD /opt/hisi-linux-nptl/arm-hisiv100-linux/bin/../lib/gcc/arm-hisiv100-linux-uclibcgnueabi/4.4.1/libgcc_eh.a
LOAD /opt/hisi-linux-nptl/arm-hisiv100-linux/bin/../target/usr/lib/libc.a
END GROUP
LOAD /opt/hisi-linux-nptl/arm-hisiv100-linux/bin/../lib/gcc/arm-hisiv100-linux-uclibcgnueabi/4.4.1/crtend.o
LOAD /opt/hisi-linux-nptl/arm-hisiv100-linux/bin/../target/usr/lib/crtn.o
                0x00008000                PROVIDE (__executable_start, 0x8000)
                0x000080d4                . = (0x8000 + SIZEOF_HEADERS)

.interp
 *(.interp)

.note.gnu.build-id
 *(.note.gnu.build-id)

.hash
 *(.hash)

.gnu.hash
 *(.gnu.hash)

.dynsym
 *(.dynsym)

.dynstr
 *(.dynstr)

.gnu.version
 *(.gnu.version)

.gnu.version_d
 *(.gnu.version_d)

.gnu.version_r
 *(.gnu.version_r)

.rel.dyn        0x000080d4        0x0
 *(.rel.init)
 *(.rel.text .rel.text.* .rel.gnu.linkonce.t.*)
 *(.rel.fini)
 *(.rel.rodata .rel.rodata.* .rel.gnu.linkonce.r.*)
 *(.rel.data.rel.ro* .rel.gnu.linkonce.d.rel.ro.*)
 *(.rel.data .rel.data.* .rel.gnu.linkonce.d.*)
 *(.rel.tdata .rel.tdata.* .rel.gnu.linkonce.td.*)
 *(.rel.tbss .rel.tbss.* .rel.gnu.linkonce.tb.*)
 *(.rel.ctors)
 *(.rel.dtors)
 *(.rel.got)
 .rel.got       0x00000000        0x0 /opt/hisi-linux-nptl/arm-hisiv100-linux/bin/../target/usr/lib/libpthread.a(pthread_create.os)
 *(.rel.bss .rel.bss.* .rel.gnu.linkonce.b.*)
 *(.rel.ifunc)

.rela.dyn
 *(.rela.init)
 *(.rela.text .rela.text.* .rela.gnu.linkonce.t.*)
 *(.rela.fini)
 *(.rela.rodata .rela.rodata.* .rela.gnu.linkonce.r.*)
 *(.rela.data .rela.data.* .rela.gnu.linkonce.d.*)
 *(.rela.tdata .rela.tdata.* .rela.gnu.linkonce.td.*)
 *(.rela.tbss .rela.tbss.* .rela.gnu.linkonce.tb.*)
 *(.rela.ctors)
 *(.rela.dtors)
 *(.rela.got)
 *(.rela.bss .rela.bss.* .rela.gnu.linkonce.b.*)
 *(.rela.ifunc)

.rel.plt        0x000080d4        0x0
 *(.rel.plt)
                0x000080d4                PROVIDE (__rel_iplt_start, .)
 *(.rel.iplt)
                0x000080d4                PROVIDE (__rel_iplt_end, .)

.rela.plt       0x000080d4        0x0
 *(.rela.plt)
                0x000080d4                PROVIDE (__rela_iplt_start, .)
 *(.rela.iplt)
                0x000080d4                PROVIDE (__rela_iplt_end, .)

.init           0x000080d4       0x10
 *(.init)
 .init          0x000080d4        0xc /opt/hisi-linux-nptl/arm-hisiv100-linux/bin/../target/usr/lib/crti.o
                0x000080d4                _init
 .init          0x000080e0        0x4 /opt/hisi-linux-nptl/arm-hisiv100-linux/bin/../target/usr/lib/crtn.o

.plt
 *(.plt)
 *(.iplt)

.text           0x000080f0    0x29be0
 *(.text .stub .text.* .gnu.linkonce.t.*)
 .text          0x000080f0       0x3c /opt/hisi-linux-nptl/arm-hisiv100-linux/bin/../target/usr/lib/crt1.o
                0x000080f0                _start
 .text          0x0000812c       0x3c /opt/hisi-linux-nptl/arm-hisiv100-linux/bin/../target/usr/lib/crti.o
                0x0000812c                _call_via_r0
                0x00008130                _call_via_r1
                0x00008134                _call_via_r2
                0x00008138                _call_via_r3
                0x0000813c                _call_via_r4
                0x00008140                _call_via_r5
                0x00008144                _call_via_r6
                0x00008148                _call_via_r7
                0x0000814c                _call_via_r8
                0x00008150                _call_via_r9
                0x00008154                _call_via_sl
                0x00008158                _call_via_fp
                0x0000815c                _call_via_ip
                0x00008160                _call_via_sp
                0x00008164                _call_via_lr
 .text          0x00008168       0x4c /opt/hisi-linux-nptl/arm-hisiv100-linux/bin/../lib/gcc/arm-hisiv100-linux-uclibcgnueabi/4.4.1/crtbeginT.o
 .text          0x000081b4      0x3f0 main.o
                0x000081b4                VencGetThread
                0x000084d0                main
 .text          0x000085a4      0x440 init.o
                0x000085a4                ViChnConfig
                0x0000888c                ViPubConfig
                0x00008994                vim_init
 .text          0x000089e4      0x290 fvideo.o
                0x000089e4                nvp6124_videoGetVstd
                0x00008b34                nvp6124_videoCreate
 .text          0x00008c74     0x10b0 videoenc.o
                0x00008c74                GetSubTypeByType
                0x00008c7c                VEncChn_Print
                0x00008c80                VEncChn_Init_720P
                0x00008c84                VEncChn_SetAttr_720P
                0x00008c8c                VEncChn_SetSnapParam
                0x00008ce8                VEncChn_ForceIFrame
                0x00008d80                VEncChn_Stop
                0x00008e94                VEncChn_Start
                0x000090c0                VEncChn_SetAttr_General
                0x00009168                VEncChn_SetAttr
                0x0000916c                VEncChn_GetAttr
                0x00009428                VEncChn_Create
                0x00009430                VEncChn_Init_General
                0x000099f8                VEncChn_Init
                0x000099fc                VEncChn_Destory_Inner
                0x00009c14                VEncChn_Destory
                0x00009c1c                VEncChn_Exit
 .text          0x00009d24      0x40c dvr/i2c/i2c.o
                0x00009d80                i2c_read_raw
                0x00009e18                i2c_write_raw
                0x00009f0c                GPIO_I2C_Write0
                0x00009f80                GPIO_I2C_Read0
                0x0000a040                I2C_Write
                0x0000a0b4                I2C_Read
 .text          0x0000a130      0x1fc dvr/sysreg/sys_reg_public.o
                0x0000a184                sys_reg_write
                0x0000a20c                sys_reg_read
                0x0000a294                sys_reg_config
 .text          0x0000a32c     0x23bc /opt/hisi-linux-nptl/arm-hisiv100-linux/bin/../target/usr/lib/libpthread.a(pthread_create.os)
                0x0000a468                __make_stacks_executable
                0x0000a768                __find_in_stack_list
                0x0000a8d4                __wait_lookup_done
                0x0000ab04                __nptl_setxid
                0x0000add4                __nptl_deallocate_tsd
                0x0000af18                __pthread_init_static_tls
                0x0000b0ec                __free_stacks
                0x0000b1cc                __deallocate_stack
                0x0000b324                __free_tcb
                0x0000ba60                pthread_create
                0x0000ba60                __pthread_create_2_1
                0x0000c4cc                __reclaim_stacks
 .text          0x0000c6e8       0xc0 /opt/hisi-linux-nptl/arm-hisiv100-linux/bin/../target/usr/lib/libpthread.a(pthread_getspecific.os)
                0x0000c6e8                pthread_getspecific
                0x0000c6e8                __pthread_getspecific_internal
                0x0000c6e8                __pthread_getspecific
 .text          0x0000c7a8       0xc4 /opt/hisi-linux-nptl/arm-hisiv100-linux/bin/../target/usr/lib/libpthread.a(pthread_key_create.os)
                0x0000c7a8                __pthread_key_create_internal
                0x0000c7a8                __pthread_key_create
                0x0000c7a8                pthread_key_create
 .text          0x0000c86c       0xa0 /opt/hisi-linux-nptl/arm-hisiv100-linux/bin/../target/usr/lib/libpthread.a(pthread_key_delete.os)
                0x0000c86c                pthread_key_delete
 .text          0x0000c90c       0x6c /opt/hisi-linux-nptl/arm-hisiv100-linux/bin/../target/usr/lib/libpthread.a(pthread_mutex_destroy.os)
                0x0000c90c                __pthread_mutex_destroy
                0x0000c90c                pthread_mutex_destroy
 .text          0x0000c978      0x150 /opt/hisi-linux-nptl/arm-hisiv100-linux/bin/../target/usr/lib/libpthread.a(pthread_mutex_init.os)
                0x0000c978                __pthread_mutex_init
                0x0000c978                pthread_mutex_init
 .text          0x0000cac8      0x838 /opt/hisi-linux-nptl/arm-hisiv100-linux/bin/../target/usr/lib/libpthread.a(pthread_mutex_lock.os)
                0x0000d068                __pthread_mutex_lock
                0x0000d068                pthread_mutex_lock
                0x0000d068                __pthread_mutex_lock_internal
 .text          0x0000d300      0x594 /opt/hisi-linux-nptl/arm-hisiv100-linux/bin/../target/usr/lib/libpthread.a(pthread_mutex_trylock.os)
                0x0000d300                __pthread_mutex_trylock
                0x0000d300                pthread_mutex_trylock
 .text          0x0000d894      0x6e4 /opt/hisi-linux-nptl/arm-hisiv100-linux/bin/../target/usr/lib/libpthread.a(pthread_mutex_unlock.os)
                0x0000ddc4                __pthread_mutex_unlock_usercnt
                0x0000df30                __pthread_mutex_unlock
                0x0000df30                pthread_mutex_unlock
                0x0000df30                __pthread_mutex_unlock_internal
 .text          0x0000df78      0x108 /opt/hisi-linux-nptl/arm-hisiv100-linux/bin/../target/usr/lib/libpthread.a(pthread_once.os)
                0x0000df98                __pthread_once
                0x0000df98                __pthread_once_internal
                0x0000df98                pthread_once
 .text          0x0000e080      0x108 /opt/hisi-linux-nptl/arm-hisiv100-linux/bin/../target/usr/lib/libpthread.a(pthread_setspecific.os)
                0x0000e080                __pthread_setspecific
                0x0000e080                __pthread_setspecific_internal
                0x0000e080                pthread_setspecific
 .text          0x0000e188      0x4e8 /opt/hisi-linux-nptl/arm-hisiv100-linux/bin/../target/usr/lib/libpthread.a(tpp.os)
                0x0000e188                __pthread_current_priority
                0x0000e2f8                __init_sched_fifo_prio
                0x0000e364                __pthread_tpp_change_priority
 .text          0x0000e670        0x0 /opt/hisi-linux-nptl/arm-hisiv100-linux/bin/../target/usr/lib/libpthread.a(vars.os)
 .text          0x0000e670       0x10 /opt/hisi-linux-nptl/arm-hisiv100-linux/bin/../target/usr/lib/libpthread.a(aeabi_read_tp.os)
                0x0000e670                __aeabi_read_tp
 .text          0x0000e680      0x1b8 /opt/hisi-linux-nptl/arm-hisiv100-linux/bin/../target/usr/lib/libpthread.a(cancellation.os)
                0x0000e680                __pthread_disable_asynccancel
                0x0000e744                __pthread_enable_asynccancel
 .text          0x0000e838      0x1d8 /opt/hisi-linux-nptl/arm-hisiv100-linux/bin/../target/usr/lib/libpthread.a(cleanup_defer_compat.os)
                0x0000e838                __pthread_cleanup_push_defer
                0x0000e838                _pthread_cleanup_push_defer
                0x0000e8f0                _pthread_cleanup_pop_restore
                0x0000e8f0                __pthread_cleanup_pop_restore
 .text          0x0000ea10       0x78 /opt/hisi-linux-nptl/arm-hisiv100-linux/bin/../target/usr/lib/libpthread.a(events.os)
                0x0000ea10                __GI___nptl_create_event
                0x0000ea10                __nptl_create_event
                0x0000ea4c                __GI___nptl_death_event
                0x0000ea4c                __nptl_death_event
 .text          0x0000ea88      0x5c0 /opt/hisi-linux-nptl/arm-hisiv100-linux/bin/../target/usr/lib/libpthread.a(init.os)
                0x0000ed30                __pthread_initialize_minimal
                0x0000ed30                __pthread_initialize_minimal_internal
 .text          0x0000f048      0x318 /opt/hisi-linux-nptl/arm-hisiv100-linux/bin/../target/usr/lib/libpthread.a(lowlevellock.os)
                0x0000f048                __lll_lock_wait_private
                0x0000f0dc                __lll_lock_wait
                0x0000f174                __lll_timedwait_tid
                0x0000f23c                __lll_timedlock_wait
 .text          0x0000f360      0x27c /opt/hisi-linux-nptl/arm-hisiv100-linux/bin/../target/usr/lib/libpthread.a(lowlevelrobustlock.os)
                0x0000f360                __lll_robust_timedlock_wait
                0x0000f4e0                __lll_robust_lock_wait
 .text          0x0000f5dc      0x13c /opt/hisi-linux-nptl/arm-hisiv100-linux/bin/../target/usr/lib/libpthread.a(pthread_cancel.os)
                0x0000f5dc                pthread_cancel
 .text          0x0000f718      0x214 /opt/hisi-linux-nptl/arm-hisiv100-linux/bin/../target/usr/lib/libpthread.a(unwind.os)
                0x0000f718                __GI___pthread_unwind
                0x0000f718                __pthread_unwind
                0x0000f780                __pthread_unwind_next
                0x0000f780                __GI___pthread_unwind_next
 .text          0x0000f92c       0x44 /opt/hisi-linux-nptl/arm-hisiv100-linux/bin/../target/usr/lib/libpthread.a(pt-longjmp.os)
                0x0000f92c                longjmp
                0x0000f92c                siglongjmp
 .text          0x0000f970        0x0 ./lib/libmpi.a(mpi_venc.o)
 .text.VencVirt2User
                0x0000f970       0x34 ./lib/libmpi.a(mpi_venc.o)
                0x0000f970                VencVirt2User
 .text.VencVirt2Phy
                0x0000f9a4       0x34 ./lib/libmpi.a(mpi_venc.o)
                0x0000f9a4                VencVirt2Phy
 .text.VencUser2Virt
                0x0000f9d8       0x34 ./lib/libmpi.a(mpi_venc.o)
                0x0000f9d8                VencUser2Virt
 .text.MPI_VENC_Exit
                0x0000fa0c       0x68 ./lib/libmpi.a(mpi_venc.o)
                0x0000fa0c                MPI_VENC_Exit
 .text.MPI_VENC_Init
                0x0000fa74       0xac ./lib/libmpi.a(mpi_venc.o)
                0x0000fa74                MPI_VENC_Init
 .text.T.410    0x0000fb20       0xc8 ./lib/libmpi.a(mpi_venc.o)
 .text.HI_MPI_VENC_StartRecvPicEx
                0x0000fbe8      0x1f0 ./lib/libmpi.a(mpi_venc.o)
                0x0000fbe8                HI_MPI_VENC_StartRecvPicEx
 .text.HI_MPI_VENC_GetStreamBufInfo
                0x0000fdd8      0x204 ./lib/libmpi.a(mpi_venc.o)
                0x0000fdd8                HI_MPI_VENC_GetStreamBufInfo
 .text.HI_MPI_VENC_SetRcPriority
                0x0000ffdc      0x1c0 ./lib/libmpi.a(mpi_venc.o)
                0x0000ffdc                HI_MPI_VENC_SetRcPriority
 .text.HI_MPI_VENC_GetRcPriority
                0x0001019c      0x1fc ./lib/libmpi.a(mpi_venc.o)
                0x0001019c                HI_MPI_VENC_GetRcPriority
 .text.HI_MPI_VENC_SetLostFrameStrategy
                0x00010398      0x200 ./lib/libmpi.a(mpi_venc.o)
                0x00010398                HI_MPI_VENC_SetLostFrameStrategy
 .text.HI_MPI_VENC_SendFrame
                0x00010598      0x160 ./lib/libmpi.a(mpi_venc.o)
                0x00010598                HI_MPI_VENC_SendFrame
 .text.HI_MPI_VENC_VpssQuery
                0x000106f8      0x160 ./lib/libmpi.a(mpi_venc.o)
                0x000106f8                HI_MPI_VENC_VpssQuery
 .text.HI_MPI_VENC_VpssSend
                0x00010858      0x160 ./lib/libmpi.a(mpi_venc.o)
                0x00010858                HI_MPI_VENC_VpssSend
 .text.HI_MPI_GRP_GetFileHandle
                0x000109b8      0x10c ./lib/libmpi.a(mpi_venc.o)
                0x000109b8                HI_MPI_GRP_GetFileHandle
 .text.HI_MPI_VENC_SetGrpFrmRate
                0x00010ac4      0x160 ./lib/libmpi.a(mpi_venc.o)
                0x00010ac4                HI_MPI_VENC_SetGrpFrmRate
 .text.HI_MPI_VENC_GetGrpFrmRate
                0x00010c24      0x160 ./lib/libmpi.a(mpi_venc.o)
                0x00010c24                HI_MPI_VENC_GetGrpFrmRate
 .text.HI_MPI_VENC_SetGrpColor2Grey
                0x00010d84      0x160 ./lib/libmpi.a(mpi_venc.o)
                0x00010d84                HI_MPI_VENC_SetGrpColor2Grey
 .text.HI_MPI_VENC_GetGrpColor2Grey
                0x00010ee4      0x160 ./lib/libmpi.a(mpi_venc.o)
                0x00010ee4                HI_MPI_VENC_GetGrpColor2Grey
 .text.HI_MPI_VENC_SetGrpCrop
                0x00011044      0x160 ./lib/libmpi.a(mpi_venc.o)
                0x00011044                HI_MPI_VENC_SetGrpCrop
 .text.HI_MPI_VENC_GetGrpCrop
                0x000111a4      0x160 ./lib/libmpi.a(mpi_venc.o)
                0x000111a4                HI_MPI_VENC_GetGrpCrop
 .text.HI_MPI_VENC_GetColor2GreyConf
                0x00011304      0x194 ./lib/libmpi.a(mpi_venc.o)
                0x00011304                HI_MPI_VENC_GetColor2GreyConf
 .text.HI_MPI_VENC_CreateGroup
                0x00011498      0x1bc ./lib/libmpi.a(mpi_venc.o)
                0x00011498                HI_MPI_VENC_CreateGroup
 .text.HI_MPI_VENC_DestroyGroup
                0x00011654      0x1c0 ./lib/libmpi.a(mpi_venc.o)
                0x00011654                HI_MPI_VENC_DestroyGroup
 .text.HI_MPI_VENC_SetColor2GreyConf
                0x00011814      0x194 ./lib/libmpi.a(mpi_venc.o)
                0x00011814                HI_MPI_VENC_SetColor2GreyConf
 .text.HI_MPI_VENC_GetCapability
                0x000119a8      0x2ec ./lib/libmpi.a(mpi_venc.o)
                0x000119a8                HI_MPI_VENC_GetCapability
 .text.HI_MPI_VENC_InsertUserData
                0x00011c94      0x2c4 ./lib/libmpi.a(mpi_venc.o)
                0x00011c94                HI_MPI_VENC_InsertUserData
 .text.HI_MPI_VENC_StartRecvPic
                0x00011f58      0x254 ./lib/libmpi.a(mpi_venc.o)
                0x00011f58                HI_MPI_VENC_StartRecvPic
 .text.HI_MPI_VENC_StopRecvPic
                0x000121ac      0x258 ./lib/libmpi.a(mpi_venc.o)
                0x000121ac                HI_MPI_VENC_StopRecvPic
 .text.HI_MPI_VENC_Query
                0x00012404      0x2a0 ./lib/libmpi.a(mpi_venc.o)
                0x00012404                HI_MPI_VENC_Query
 .text.HI_MPI_VENC_DestroyChn
                0x000126a4      0x27c ./lib/libmpi.a(mpi_venc.o)
                0x000126a4                HI_MPI_VENC_DestroyChn
 .text.HI_MPI_VENC_GetChnAttr
                0x00012920      0x2a0 ./lib/libmpi.a(mpi_venc.o)
                0x00012920                HI_MPI_VENC_GetChnAttr
 .text.HI_MPI_VENC_SetChnAttr
                0x00012bc0      0x2a0 ./lib/libmpi.a(mpi_venc.o)
                0x00012bc0                HI_MPI_VENC_SetChnAttr
 .text.HI_MPI_VENC_SetRcPara
                0x00012e60      0x2a0 ./lib/libmpi.a(mpi_venc.o)
                0x00012e60                HI_MPI_VENC_SetRcPara
 .text.HI_MPI_VENC_GetRcPara
                0x00013100      0x2a0 ./lib/libmpi.a(mpi_venc.o)
                0x00013100                HI_MPI_VENC_GetRcPara
 .text.HI_MPI_VENC_GetH264VideoSignal
                0x000133a0      0x2a0 ./lib/libmpi.a(mpi_venc.o)
                0x000133a0                HI_MPI_VENC_GetH264VideoSignal
 .text.HI_MPI_VENC_GetStream
                0x00013640      0x3ac ./lib/libmpi.a(mpi_venc.o)
                0x00013640                HI_MPI_VENC_GetStream
 .text.HI_MPI_VENC_ReleaseStream
                0x000139ec      0x2fc ./lib/libmpi.a(mpi_venc.o)
                0x000139ec                HI_MPI_VENC_ReleaseStream
 .text.HI_MPI_VENC_SetMaxStreamCnt
                0x00013ce8      0x260 ./lib/libmpi.a(mpi_venc.o)
                0x00013ce8                HI_MPI_VENC_SetMaxStreamCnt
 .text.HI_MPI_VENC_GetMaxStreamCnt
                0x00013f48      0x2a0 ./lib/libmpi.a(mpi_venc.o)
                0x00013f48                HI_MPI_VENC_GetMaxStreamCnt
 .text.HI_MPI_VENC_RequestIDR
                0x000141e8      0x258 ./lib/libmpi.a(mpi_venc.o)
                0x000141e8                HI_MPI_VENC_RequestIDR
 .text.HI_MPI_VENC_RequestIDRInst
                0x00014440      0x258 ./lib/libmpi.a(mpi_venc.o)
                0x00014440                HI_MPI_VENC_RequestIDRInst
 .text.HI_MPI_VENC_GetFd
                0x00014698      0x24c ./lib/libmpi.a(mpi_venc.o)
                0x00014698                HI_MPI_VENC_GetFd
 .text.HI_MPI_VENC_GetRoiCfg
                0x000148e4      0x2ec ./lib/libmpi.a(mpi_venc.o)
                0x000148e4                HI_MPI_VENC_GetRoiCfg
 .text.HI_MPI_VENC_SetRoiCfg
                0x00014bd0      0x2dc ./lib/libmpi.a(mpi_venc.o)
                0x00014bd0                HI_MPI_VENC_SetRoiCfg
 .text.HI_MPI_VENC_SetH264SliceSplit
                0x00014eac      0x2a0 ./lib/libmpi.a(mpi_venc.o)
                0x00014eac                HI_MPI_VENC_SetH264SliceSplit
 .text.HI_MPI_VENC_GetH264SliceSplit
                0x0001514c      0x2a0 ./lib/libmpi.a(mpi_venc.o)
                0x0001514c                HI_MPI_VENC_GetH264SliceSplit
 .text.HI_MPI_VENC_SetH264InterPred
                0x000153ec      0x2b0 ./lib/libmpi.a(mpi_venc.o)
                0x000153ec                HI_MPI_VENC_SetH264InterPred
 .text.HI_MPI_VENC_GetH264InterPred
                0x0001569c      0x2b0 ./lib/libmpi.a(mpi_venc.o)
                0x0001569c                HI_MPI_VENC_GetH264InterPred
 .text.HI_MPI_VENC_SetH264IntraPred
                0x0001594c      0x2b0 ./lib/libmpi.a(mpi_venc.o)
                0x0001594c                HI_MPI_VENC_SetH264IntraPred
 .text.HI_MPI_VENC_GetH264IntraPred
                0x00015bfc      0x2b0 ./lib/libmpi.a(mpi_venc.o)
                0x00015bfc                HI_MPI_VENC_GetH264IntraPred
 .text.HI_MPI_VENC_SetH264Trans
                0x00015eac      0x2b0 ./lib/libmpi.a(mpi_venc.o)
                0x00015eac                HI_MPI_VENC_SetH264Trans
 .text.HI_MPI_VENC_GetH264Trans
                0x0001615c      0x2a0 ./lib/libmpi.a(mpi_venc.o)
                0x0001615c                HI_MPI_VENC_GetH264Trans
 .text.HI_MPI_VENC_SetH264Entropy
                0x000163fc      0x2ac ./lib/libmpi.a(mpi_venc.o)
                0x000163fc                HI_MPI_VENC_SetH264Entropy
 .text.HI_MPI_VENC_GetH264Entropy
                0x000166a8      0x2b0 ./lib/libmpi.a(mpi_venc.o)
                0x000166a8                HI_MPI_VENC_GetH264Entropy
 .text.HI_MPI_VENC_SetH264Poc
                0x00016958      0x2b0 ./lib/libmpi.a(mpi_venc.o)
                0x00016958                HI_MPI_VENC_SetH264Poc
 .text.HI_MPI_VENC_GetH264Poc
                0x00016c08      0x2b0 ./lib/libmpi.a(mpi_venc.o)
                0x00016c08                HI_MPI_VENC_GetH264Poc
 .text.HI_MPI_VENC_SetH264Dblk
                0x00016eb8      0x2b0 ./lib/libmpi.a(mpi_venc.o)
                0x00016eb8                HI_MPI_VENC_SetH264Dblk
 .text.HI_MPI_VENC_GetH264Dblk
                0x00017168      0x2b0 ./lib/libmpi.a(mpi_venc.o)
                0x00017168                HI_MPI_VENC_GetH264Dblk
 .text.HI_MPI_VENC_SetH264RDO
                0x00017418      0x2b0 ./lib/libmpi.a(mpi_venc.o)
                0x00017418                HI_MPI_VENC_SetH264RDO
 .text.HI_MPI_VENC_GetH264RDO
                0x000176c8      0x2b0 ./lib/libmpi.a(mpi_venc.o)
                0x000176c8                HI_MPI_VENC_GetH264RDO
 .text.HI_MPI_VENC_SetH264Vui
                0x00017978      0x2b0 ./lib/libmpi.a(mpi_venc.o)
                0x00017978                HI_MPI_VENC_SetH264Vui
 .text.HI_MPI_VENC_GetH264Vui
                0x00017c28      0x2b0 ./lib/libmpi.a(mpi_venc.o)
                0x00017c28                HI_MPI_VENC_GetH264Vui
 .text.HI_MPI_VENC_SetJpegParam
                0x00017ed8      0x2b0 ./lib/libmpi.a(mpi_venc.o)
                0x00017ed8                HI_MPI_VENC_SetJpegParam
 .text.HI_MPI_VENC_GetJpegParam
                0x00018188      0x2a0 ./lib/libmpi.a(mpi_venc.o)
                0x00018188                HI_MPI_VENC_GetJpegParam
 .text.HI_MPI_VENC_SetMjpegParam
                0x00018428      0x2b0 ./lib/libmpi.a(mpi_venc.o)
                0x00018428                HI_MPI_VENC_SetMjpegParam
 .text.HI_MPI_VENC_CreateChn
                0x000186d8      0x48c ./lib/libmpi.a(mpi_venc.o)
                0x000186d8                HI_MPI_VENC_CreateChn
 .text.HI_MPI_VENC_RegisterChn
                0x00018b64      0x294 ./lib/libmpi.a(mpi_venc.o)
                0x00018b64                HI_MPI_VENC_RegisterChn
 .text.HI_MPI_VENC_UnRegisterChn
                0x00018df8      0x264 ./lib/libmpi.a(mpi_venc.o)
                0x00018df8                HI_MPI_VENC_UnRegisterChn
 .text.HI_MPI_VENC_GetLostFrameStrategy
                0x0001905c      0x2b0 ./lib/libmpi.a(mpi_venc.o)
                0x0001905c                HI_MPI_VENC_GetLostFrameStrategy
 .text.HI_MPI_VENC_AttachVbPool
                0x0001930c      0x26c ./lib/libmpi.a(mpi_venc.o)
                0x0001930c                HI_MPI_VENC_AttachVbPool
 .text.HI_MPI_VENC_DetachVbPool
                0x00019578      0x264 ./lib/libmpi.a(mpi_venc.o)
                0x00019578                HI_MPI_VENC_DetachVbPool
 .text.HI_MPI_VENC_SetH264VideoSignal
                0x000197dc      0x2a0 ./lib/libmpi.a(mpi_venc.o)
                0x000197dc                HI_MPI_VENC_SetH264VideoSignal
 .text.HI_MPI_VENC_GetMjpegParam
                0x00019a7c      0x2a0 ./lib/libmpi.a(mpi_venc.o)
                0x00019a7c                HI_MPI_VENC_GetMjpegParam
 .text.HI_MPI_VENC_SetMpeg4Param
                0x00019d1c      0x2b0 ./lib/libmpi.a(mpi_venc.o)
                0x00019d1c                HI_MPI_VENC_SetMpeg4Param
 .text.HI_MPI_VENC_GetMpeg4Param
                0x00019fcc      0x2ac ./lib/libmpi.a(mpi_venc.o)
                0x00019fcc                HI_MPI_VENC_GetMpeg4Param
 .text.HI_MPI_VENC_SetH264eRefMode
                0x0001a278      0x26c ./lib/libmpi.a(mpi_venc.o)
                0x0001a278                HI_MPI_VENC_SetH264eRefMode
 .text.HI_MPI_VENC_GetH264eRefMode
                0x0001a4e4      0x2a0 ./lib/libmpi.a(mpi_venc.o)
                0x0001a4e4                HI_MPI_VENC_GetH264eRefMode
 .text.HI_MPI_VENC_SetH264eRefParam
                0x0001a784      0x2b0 ./lib/libmpi.a(mpi_venc.o)
                0x0001a784                HI_MPI_VENC_SetH264eRefParam
 .text.HI_MPI_VENC_GetH264eRefParam
                0x0001aa34      0x2b0 ./lib/libmpi.a(mpi_venc.o)
                0x0001aa34                HI_MPI_VENC_GetH264eRefParam
 .text.HI_MPI_VENC_EnableIDR
                0x0001ace4      0x268 ./lib/libmpi.a(mpi_venc.o)
                0x0001ace4                HI_MPI_VENC_EnableIDR
 .text.HI_MPI_VENC_EnableInterPskip
                0x0001af4c      0x26c ./lib/libmpi.a(mpi_venc.o)
                0x0001af4c                HI_MPI_VENC_EnableInterPskip
 .text.HI_MPI_VENC_SetJpegSnapMode
                0x0001b1b8      0x26c ./lib/libmpi.a(mpi_venc.o)
                0x0001b1b8                HI_MPI_VENC_SetJpegSnapMode
 .text.HI_MPI_VENC_GetJpegSnapMode
                0x0001b424      0x2a0 ./lib/libmpi.a(mpi_venc.o)
                0x0001b424                HI_MPI_VENC_GetJpegSnapMode
 .text          0x0001b6c4        0x0 ./lib/libmpi.a(mpi_vi.o)
 .text.HI_MPI_VI_GetExtChnAttr
                0x0001b6c4       0x6c ./lib/libmpi.a(mpi_vi.o)
                0x0001b6c4                HI_MPI_VI_GetExtChnAttr
 .text.HI_MPI_VI_SetExtChnAttr
                0x0001b730       0x70 ./lib/libmpi.a(mpi_vi.o)
                0x0001b730                HI_MPI_VI_SetExtChnAttr
 .text.HI_MPI_VI_GetChnScanMode
                0x0001b7a0      0x1ac ./lib/libmpi.a(mpi_vi.o)
                0x0001b7a0                HI_MPI_VI_GetChnScanMode
 .text.HI_MPI_VI_SetChnScanMode
                0x0001b94c      0x154 ./lib/libmpi.a(mpi_vi.o)
                0x0001b94c                HI_MPI_VI_SetChnScanMode
 .text.HI_MPI_VI_GetPortMode
                0x0001baa0      0x1bc ./lib/libmpi.a(mpi_vi.o)
                0x0001baa0                HI_MPI_VI_GetPortMode
 .text.HI_MPI_VI_SetPortMode
                0x0001bc5c      0x15c ./lib/libmpi.a(mpi_vi.o)
                0x0001bc5c                HI_MPI_VI_SetPortMode
 .text.HI_MPI_VI_DisableChn422to420
                0x0001bdb8      0x14c ./lib/libmpi.a(mpi_vi.o)
                0x0001bdb8                HI_MPI_VI_DisableChn422to420
 .text.HI_MPI_VI_EnableChn422to420
                0x0001bf04      0x14c ./lib/libmpi.a(mpi_vi.o)
                0x0001bf04                HI_MPI_VI_EnableChn422to420
 .text.HI_MPI_VI_SetDevAntifogAttr
                0x0001c050      0x1b8 ./lib/libmpi.a(mpi_vi.o)
                0x0001c050                HI_MPI_VI_SetDevAntifogAttr
 .text.HI_MPI_VI_GetChnLuma
                0x0001c208      0x1b0 ./lib/libmpi.a(mpi_vi.o)
                0x0001c208                HI_MPI_VI_GetChnLuma
 .text.HI_MPI_VI_GetRotate
                0x0001c3b8      0x1b0 ./lib/libmpi.a(mpi_vi.o)
                0x0001c3b8                HI_MPI_VI_GetRotate
 .text.HI_MPI_VI_SetRotate
                0x0001c568      0x154 ./lib/libmpi.a(mpi_vi.o)
                0x0001c568                HI_MPI_VI_SetRotate
 .text.HI_MPI_VI_GetLDCAttr
                0x0001c6bc      0x1ac ./lib/libmpi.a(mpi_vi.o)
                0x0001c6bc                HI_MPI_VI_GetLDCAttr
 .text.HI_MPI_VI_SetLDCAttr
                0x0001c868      0x1ac ./lib/libmpi.a(mpi_vi.o)
                0x0001c868                HI_MPI_VI_SetLDCAttr
 .text.HI_MPI_VI_GetCSCAttr
                0x0001ca14      0x1b8 ./lib/libmpi.a(mpi_vi.o)
                0x0001ca14                HI_MPI_VI_GetCSCAttr
 .text.HI_MPI_VI_SetCSCAttr
                0x0001cbcc      0x1b8 ./lib/libmpi.a(mpi_vi.o)
                0x0001cbcc                HI_MPI_VI_SetCSCAttr
 .text.HI_MPI_VI_FlashTrigger
                0x0001cd84      0x160 ./lib/libmpi.a(mpi_vi.o)
                0x0001cd84                HI_MPI_VI_FlashTrigger
 .text.HI_MPI_VI_GetFlashConfig
                0x0001cee4      0x1bc ./lib/libmpi.a(mpi_vi.o)
                0x0001cee4                HI_MPI_VI_GetFlashConfig
 .text.HI_MPI_VI_SetFlashConfig
                0x0001d0a0      0x1bc ./lib/libmpi.a(mpi_vi.o)
                0x0001d0a0                HI_MPI_VI_SetFlashConfig
 .text.HI_MPI_VI_SetRegDelayTime
                0x0001d25c       0xf0 ./lib/libmpi.a(mpi_vi.o)
                0x0001d25c                HI_MPI_VI_SetRegDelayTime
 .text.HI_MPI_VI_Query
                0x0001d34c      0x1ac ./lib/libmpi.a(mpi_vi.o)
                0x0001d34c                HI_MPI_VI_Query
 .text.HI_MPI_VI_GetFd
                0x0001d4f8      0x140 ./lib/libmpi.a(mpi_vi.o)
                0x0001d4f8                HI_MPI_VI_GetFd
 .text.HI_MPI_VI_DisableUserPic
                0x0001d638      0x14c ./lib/libmpi.a(mpi_vi.o)
                0x0001d638                HI_MPI_VI_DisableUserPic
 .text.HI_MPI_VI_EnableUserPic
                0x0001d784      0x14c ./lib/libmpi.a(mpi_vi.o)
                0x0001d784                HI_MPI_VI_EnableUserPic
 .text.HI_MPI_VI_SetUserPic
                0x0001d8d0      0x1ac ./lib/libmpi.a(mpi_vi.o)
                0x0001d8d0                HI_MPI_VI_SetUserPic
 .text.HI_MPI_VI_GetDevAttrEx
                0x0001da7c      0x1bc ./lib/libmpi.a(mpi_vi.o)
                0x0001da7c                HI_MPI_VI_GetDevAttrEx
 .text.HI_MPI_VI_SetDevAttrEx
                0x0001dc38      0x1b8 ./lib/libmpi.a(mpi_vi.o)
                0x0001dc38                HI_MPI_VI_SetDevAttrEx
 .text.HI_MPI_VI_GetChnBind
                0x0001ddf0      0x1b0 ./lib/libmpi.a(mpi_vi.o)
                0x0001ddf0                HI_MPI_VI_GetChnBind
 .text.HI_MPI_VI_ChnUnBind
                0x0001dfa0      0x14c ./lib/libmpi.a(mpi_vi.o)
                0x0001dfa0                HI_MPI_VI_ChnUnBind
 .text.HI_MPI_VI_ChnBind
                0x0001e0ec      0x1ac ./lib/libmpi.a(mpi_vi.o)
                0x0001e0ec                HI_MPI_VI_ChnBind
 .text.HI_MPI_VI_DisableCascadeChn
                0x0001e298      0x14c ./lib/libmpi.a(mpi_vi.o)
                0x0001e298                HI_MPI_VI_DisableCascadeChn
 .text.HI_MPI_VI_EnableCascadeChn
                0x0001e3e4      0x148 ./lib/libmpi.a(mpi_vi.o)
                0x0001e3e4                HI_MPI_VI_EnableCascadeChn
 .text.HI_MPI_VI_DisableCascade
                0x0001e52c      0x158 ./lib/libmpi.a(mpi_vi.o)
                0x0001e52c                HI_MPI_VI_DisableCascade
 .text.HI_MPI_VI_EnableCascade
                0x0001e684      0x154 ./lib/libmpi.a(mpi_vi.o)
                0x0001e684                HI_MPI_VI_EnableCascade
 .text.HI_MPI_VI_DisableVbi
                0x0001e7d8      0x1a8 ./lib/libmpi.a(mpi_vi.o)
                0x0001e7d8                HI_MPI_VI_DisableVbi
 .text.HI_MPI_VI_EnableVbi
                0x0001e980      0x1a8 ./lib/libmpi.a(mpi_vi.o)
                0x0001e980                HI_MPI_VI_EnableVbi
 .text.HI_MPI_VI_GetVbiAttr
                0x0001eb28      0x21c ./lib/libmpi.a(mpi_vi.o)
                0x0001eb28                HI_MPI_VI_GetVbiAttr
 .text.HI_MPI_VI_SetVbiAttr
                0x0001ed44      0x21c ./lib/libmpi.a(mpi_vi.o)
                0x0001ed44                HI_MPI_VI_SetVbiAttr
 .text.HI_MPI_VI_GetFrameDepth
                0x0001ef60      0x1ac ./lib/libmpi.a(mpi_vi.o)
                0x0001ef60                HI_MPI_VI_GetFrameDepth
 .text.HI_MPI_VI_SetFrameDepth
                0x0001f10c      0x154 ./lib/libmpi.a(mpi_vi.o)
                0x0001f10c                HI_MPI_VI_SetFrameDepth
 .text.HI_MPI_VI_ReleaseFrame
                0x0001f260      0x1ac ./lib/libmpi.a(mpi_vi.o)
                0x0001f260                HI_MPI_VI_ReleaseFrame
 .text.HI_MPI_VI_GetFrameTimeOut
                0x0001f40c      0x1b8 ./lib/libmpi.a(mpi_vi.o)
                0x0001f40c                HI_MPI_VI_GetFrameTimeOut
 .text.HI_MPI_VI_GetFrame
                0x0001f5c4      0x1ac ./lib/libmpi.a(mpi_vi.o)
                0x0001f5c4                HI_MPI_VI_GetFrame
 .text.HI_MPI_VI_DisableChnInterrupt
                0x0001f770      0x14c ./lib/libmpi.a(mpi_vi.o)
                0x0001f770                HI_MPI_VI_DisableChnInterrupt
 .text.HI_MPI_VI_EnableChnInterrupt
                0x0001f8bc      0x150 ./lib/libmpi.a(mpi_vi.o)
                0x0001f8bc                HI_MPI_VI_EnableChnInterrupt
 .text.HI_MPI_VI_DisableUserPicRegion
                0x0001fa0c      0x14c ./lib/libmpi.a(mpi_vi.o)
                0x0001fa0c                HI_MPI_VI_DisableUserPicRegion
 .text.HI_MPI_VI_EnableUserPicRegion
                0x0001fb58      0x150 ./lib/libmpi.a(mpi_vi.o)
                0x0001fb58                HI_MPI_VI_EnableUserPicRegion
 .text.HI_MPI_VI_DisableChn
                0x0001fca8      0x150 ./lib/libmpi.a(mpi_vi.o)
                0x0001fca8                HI_MPI_VI_DisableChn
 .text.HI_MPI_VI_EnableChn
                0x0001fdf8      0x150 ./lib/libmpi.a(mpi_vi.o)
                0x0001fdf8                HI_MPI_VI_EnableChn
 .text.HI_MPI_VI_ClearChnMinorAttr
                0x0001ff48      0x150 ./lib/libmpi.a(mpi_vi.o)
                0x0001ff48                HI_MPI_VI_ClearChnMinorAttr
 .text.HI_MPI_VI_GetChnMinorAttr
                0x00020098      0x1b0 ./lib/libmpi.a(mpi_vi.o)
                0x00020098                HI_MPI_VI_GetChnMinorAttr
 .text.HI_MPI_VI_SetChnMinorAttr
                0x00020248      0x1a8 ./lib/libmpi.a(mpi_vi.o)
                0x00020248                HI_MPI_VI_SetChnMinorAttr
 .text.HI_MPI_VI_GetChnAttr
                0x000203f0      0x1b0 ./lib/libmpi.a(mpi_vi.o)
                0x000203f0                HI_MPI_VI_GetChnAttr
 .text.HI_MPI_VI_SetChnAttr
                0x000205a0      0x1b0 ./lib/libmpi.a(mpi_vi.o)
                0x000205a0                HI_MPI_VI_SetChnAttr
 .text.HI_MPI_VI_DisableDev
                0x00020750      0x158 ./lib/libmpi.a(mpi_vi.o)
                0x00020750                HI_MPI_VI_DisableDev
 .text.HI_MPI_VI_EnableDev
                0x000208a8      0x158 ./lib/libmpi.a(mpi_vi.o)
                0x000208a8                HI_MPI_VI_EnableDev
 .text.HI_MPI_VI_GetDevAttr
                0x00020a00      0x1bc ./lib/libmpi.a(mpi_vi.o)
                0x00020a00                HI_MPI_VI_GetDevAttr
 .text.HI_MPI_VI_SetDevAttr
                0x00020bbc      0x1b4 ./lib/libmpi.a(mpi_vi.o)
                0x00020bbc                HI_MPI_VI_SetDevAttr
 .text          0x00020d70       0x10 ./lib/libmem.a(memcpy_back.o)
                0x00020d70                memcpy_back
 .text          0x00020d80       0xc8 ./lib/libmem.a(memset1.o)
                0x00020d80                memset1
 .text          0x00020e48      0x324 ./lib/libmem.a(memcpy1.o)
                0x00020e48                memcpy1
 .text          0x0002116c      0x20c /opt/hisi-linux-nptl/arm-hisiv100-linux/bin/../lib/gcc/arm-hisiv100-linux-uclibcgnueabi/4.4.1/libgcc.a(_udivsi3.o)
                0x0002116c                __udivsi3
                0x0002116c                __aeabi_uidiv
                0x00021358                __aeabi_uidivmod
 .text          0x00021378      0x3b8 /opt/hisi-linux-nptl/arm-hisiv100-linux/bin/../lib/gcc/arm-hisiv100-linux-uclibcgnueabi/4.4.1/libgcc.a(_arm_addsubdf3.o)
                0x00021378                __aeabi_drsub
                0x00021380                __aeabi_dsub
                0x00021380                __subdf3
                0x00021384                __adddf3
                0x00021384                __aeabi_dadd
                0x00021630                __aeabi_ui2d
                0x00021630                __floatunsidf
                0x00021654                __floatsidf
                0x00021654                __aeabi_i2d
                0x0002167c                __extendsfdf2
                0x0002167c                __aeabi_f2d
                0x000216bc                __aeabi_ul2d
                0x000216bc                __floatundidf
                0x000216d0                __floatdidf
                0x000216d0                __aeabi_l2d
 .text          0x00021730      0x470 /opt/hisi-linux-nptl/arm-hisiv100-linux/bin/../lib/gcc/arm-hisiv100-linux-uclibcgnueabi/4.4.1/libgcc.a(_arm_muldivdf3.o)
                0x00021730                __aeabi_dmul
                0x00021730                __muldf3
                0x0002199c                __aeabi_ddiv
                0x0002199c                __divdf3
 .text          0x00021ba0       0x54 /opt/hisi-linux-nptl/arm-hisiv100-linux/bin/../lib/gcc/arm-hisiv100-linux-uclibcgnueabi/4.4.1/libgcc.a(_arm_fixunsdfsi.o)
                0x00021ba0                __fixunsdfsi
                0x00021ba0                __aeabi_d2uiz
 .text          0x00021bf4       0x10 /opt/hisi-linux-nptl/arm-hisiv100-linux/bin/../lib/gcc/arm-hisiv100-linux-uclibcgnueabi/4.4.1/libgcc.a(_dvmd_lnx.o)
                0x00021bf4                __aeabi_ldiv0
                0x00021bf4                __aeabi_idiv0
 .text          0x00021c04     0x1138 /opt/hisi-linux-nptl/arm-hisiv100-linux/bin/../lib/gcc/arm-hisiv100-linux-uclibcgnueabi/4.4.1/libgcc_eh.a(unwind-arm.o)
                0x00021c04                _Unwind_VRS_Get
                0x00021c54                _Unwind_VRS_Set
                0x00021ca4                _Unwind_GetCFA
                0x00021cac                _Unwind_Complete
                0x00021cb0                _Unwind_DeleteException
                0x000221a4                __aeabi_unwind_cpp_pr2
                0x000221ac                __aeabi_unwind_cpp_pr1
                0x000221b4                __aeabi_unwind_cpp_pr0
                0x00022468                __gnu_Unwind_Backtrace
                0x00022680                __gnu_Unwind_ForcedUnwind
                0x000226f4                __gnu_Unwind_RaiseException
                0x000227a4                __gnu_Unwind_Resume_or_Rethrow
                0x000227c4                __gnu_Unwind_Resume
                0x0002282c                _Unwind_VRS_Pop
 .text          0x00022d3c      0x1a8 /opt/hisi-linux-nptl/arm-hisiv100-linux/bin/../lib/gcc/arm-hisiv100-linux-uclibcgnueabi/4.4.1/libgcc_eh.a(libunwind.o)
                0x00022d3c                __restore_core_regs
                0x00022d3c                restore_core_regs
                0x00022d50                __gnu_Unwind_Restore_VFP
                0x00022d58                __gnu_Unwind_Save_VFP
                0x00022d60                __gnu_Unwind_Restore_VFP_D
                0x00022d68                __gnu_Unwind_Save_VFP_D
                0x00022d70                __gnu_Unwind_Restore_VFP_D_16_to_31
                0x00022d78                __gnu_Unwind_Save_VFP_D_16_to_31
                0x00022d80                __gnu_Unwind_Restore_WMMXD
                0x00022dc4                __gnu_Unwind_Save_WMMXD
                0x00022e08                __gnu_Unwind_Restore_WMMXC
                0x00022e1c                __gnu_Unwind_Save_WMMXC
                0x00022e30                ___Unwind_RaiseException
                0x00022e30                _Unwind_RaiseException
                0x00022e54                ___Unwind_Resume
                0x00022e54                _Unwind_Resume
                0x00022e78                _Unwind_Resume_or_Rethrow
                0x00022e78                ___Unwind_Resume_or_Rethrow
                0x00022e9c                ___Unwind_ForcedUnwind
                0x00022e9c                _Unwind_ForcedUnwind
                0x00022ec0                _Unwind_Backtrace
                0x00022ec0                ___Unwind_Backtrace
 .text          0x00022ee4      0x768 /opt/hisi-linux-nptl/arm-hisiv100-linux/bin/../lib/gcc/arm-hisiv100-linux-uclibcgnueabi/4.4.1/libgcc_eh.a(pr-support.o)
                0x00022ee4                _Unwind_GetTextRelBase
                0x00022eec                _Unwind_GetDataRelBase
                0x00022ef4                _Unwind_GetLanguageSpecificData
                0x00022f30                _Unwind_GetRegionStart
                0x00022f60                __gnu_unwind_execute
                0x00023608                __gnu_unwind_frame
 .text          0x0002364c      0x904 /opt/hisi-linux-nptl/arm-hisiv100-linux/bin/../lib/gcc/arm-hisiv100-linux-uclibcgnueabi/4.4.1/libgcc_eh.a(unwind-c.o)
                0x0002364c                __gcc_personality_v0
 .text          0x00023f50       0xc0 /opt/hisi-linux-nptl/arm-hisiv100-linux/bin/../target/usr/lib/libc.a(sigaction.os)
                0x00023f50                __libc_sigaction
                0x00023fd8                __GI_sigaction
                0x00023fd8                sigaction
                0x00023fd8                __sigaction
 .text          0x00024010       0x78 /opt/hisi-linux-nptl/arm-hisiv100-linux/bin/../target/usr/lib/libc.a(mmap.os)
                0x00024010                mmap
                0x00024010                __GI_mmap
 .text          0x00024088        0x8 /opt/hisi-linux-nptl/arm-hisiv100-linux/bin/../target/usr/lib/libc.a(bsd-_setjmp.os)
                0x00024088                _setjmp
 .text          0x00024090       0x18 /opt/hisi-linux-nptl/arm-hisiv100-linux/bin/../target/usr/lib/libc.a(sigrestorer.os)
                0x00024094                __default_sa_restorer
                0x000240a0                __default_rt_sa_restorer
 .text          0x000240a8       0x6c /opt/hisi-linux-nptl/arm-hisiv100-linux/bin/../target/usr/lib/libc.a(_exit.os)
                0x000240a8                _Exit
                0x000240a8                __GI__exit
                0x000240a8                _exit
 .text          0x00024114       0x28 /opt/hisi-linux-nptl/arm-hisiv100-linux/bin/../target/usr/lib/libc.a(getpagesize.os)
                0x00024114                __GI_getpagesize
                0x00024114                getpagesize
                0x00024114                __getpagesize
 .text          0x0002413c       0x3c /opt/hisi-linux-nptl/arm-hisiv100-linux/bin/../target/usr/lib/libc.a(getrlimit.os)
                0x0002413c                getrlimit
                0x0002413c                __GI_getrlimit
 .text          0x00024178       0x3c /opt/hisi-linux-nptl/arm-hisiv100-linux/bin/../target/usr/lib/libc.a(gettimeofday.os)
                0x00024178                gettimeofday
                0x00024178                __GI_gettimeofday
 .text          0x000241b4       0xdc /opt/hisi-linux-nptl/arm-hisiv100-linux/bin/../target/usr/lib/libc.a(ioctl.os)
                0x000241b4                ioctl
                0x000241b4                __GI_ioctl
 .text          0x00024290       0x40 /opt/hisi-linux-nptl/arm-hisiv100-linux/bin/../target/usr/lib/libc.a(longjmp.os)
                0x00024290                _longjmp
                0x00024290                __libc_longjmp
                0x00024290                __libc_siglongjmp
 .text          0x000242d0       0x3c /opt/hisi-linux-nptl/arm-hisiv100-linux/bin/../target/usr/lib/libc.a(madvise.os)
                0x000242d0                madvise
 .text          0x0002430c       0x3c /opt/hisi-linux-nptl/arm-hisiv100-linux/bin/../target/usr/lib/libc.a(mprotect.os)
                0x0002430c                mprotect
 .text          0x00024348       0x3c /opt/hisi-linux-nptl/arm-hisiv100-linux/bin/../target/usr/lib/libc.a(munmap.os)
                0x00024348                munmap
                0x00024348                __GI_munmap
 .text          0x00024384       0x3c /opt/hisi-linux-nptl/arm-hisiv100-linux/bin/../target/usr/lib/libc.a(sched_getparam.os)
                0x00024384                sched_getparam
 .text          0x000243c0       0x3c /opt/hisi-linux-nptl/arm-hisiv100-linux/bin/../target/usr/lib/libc.a(sched_get_priority_max.os)
                0x000243c0                sched_get_priority_max
 .text          0x000243fc       0x3c /opt/hisi-linux-nptl/arm-hisiv100-linux/bin/../target/usr/lib/libc.a(sched_get_priority_min.os)
                0x000243fc                sched_get_priority_min
 .text          0x00024438       0x3c /opt/hisi-linux-nptl/arm-hisiv100-linux/bin/../target/usr/lib/libc.a(sched_getscheduler.os)
                0x00024438                sched_getscheduler
 .text          0x00024474       0x3c /opt/hisi-linux-nptl/arm-hisiv100-linux/bin/../target/usr/lib/libc.a(sched_setscheduler.os)
                0x00024474                sched_setscheduler
 .text          0x000244b0       0x40 /opt/hisi-linux-nptl/arm-hisiv100-linux/bin/../target/usr/lib/libc.a(sigprocmask.os)
                0x000244b0                __GI_sigprocmask
                0x000244b0                sigprocmask
 .text          0x000244f0        0x0 /opt/hisi-linux-nptl/arm-hisiv100-linux/bin/../target/usr/lib/libc.a(ssp.os)
 .text.unlikely
                0x000244f0      0x134 /opt/hisi-linux-nptl/arm-hisiv100-linux/bin/../target/usr/lib/libc.a(ssp.os)
                0x000244f0                __stack_chk_fail
 .text          0x00024624       0x64 /opt/hisi-linux-nptl/arm-hisiv100-linux/bin/../target/usr/lib/libc.a(stat.os)
                0x00024624                __GI_stat
                0x00024624                stat
 .text          0x00024688       0x3c /opt/hisi-linux-nptl/arm-hisiv100-linux/bin/../target/usr/lib/libc.a(__syscall_rt_sigaction.os)
                0x00024688                __syscall_rt_sigaction
 .text          0x000246c4      0x1f4 /opt/hisi-linux-nptl/arm-hisiv100-linux/bin/../target/usr/lib/libc.a(xstatconv.os)
                0x000246c4                __xstat64_conv
                0x0002476c                __xstat32_conv
                0x0002480c                __xstat_conv
 .text          0x000248b8       0x88 /opt/hisi-linux-nptl/arm-hisiv100-linux/bin/../target/usr/lib/libc.a(__assert.os)
                0x000248b8                __GI___assert
                0x000248b8                __assert
 .text          0x00024940        0x0 /opt/hisi-linux-nptl/arm-hisiv100-linux/bin/../target/usr/lib/libc.a(errno.os)
 .text          0x00024940       0x1c /opt/hisi-linux-nptl/arm-hisiv100-linux/bin/../target/usr/lib/libc.a(__errno_location.os)
                0x00024940                __errno_location
                0x00024940                __GI___errno_location
 .text          0x0002495c      0x6ec /opt/hisi-linux-nptl/arm-hisiv100-linux/bin/../target/usr/lib/libc.a(syslog.os)
                0x0002495c                setlogmask
                0x00024a5c                __GI_closelog
                0x00024a5c                closelog
                0x00024be0                vsyslog
                0x00024be0                __GI_vsyslog
                0x00024fb8                __GI_syslog
                0x00024fb8                syslog
                0x00024fdc                openlog
                0x00024fdc                __GI_openlog
 .text          0x00025048       0x38 /opt/hisi-linux-nptl/arm-hisiv100-linux/bin/../target/usr/lib/libc.a(ctime.os)
                0x00025048                __GI_ctime
                0x00025048                ctime
 .text          0x00025080       0x94 /opt/hisi-linux-nptl/arm-hisiv100-linux/bin/../target/usr/lib/libc.a(localtime_r.os)
                0x00025080                __GI_localtime_r
                0x00025080                localtime_r
 .text          0x00025114      0x684 /opt/hisi-linux-nptl/arm-hisiv100-linux/bin/../target/usr/lib/libc.a(tzset.os)
                0x000251b4                _time_tzset
                0x00025770                __GI_tzset
                0x00025770                tzset
 .text          0x00025798      0x364 /opt/hisi-linux-nptl/arm-hisiv100-linux/bin/../target/usr/lib/libc.a(_time_localtime_tzi.os)
                0x00025798                __time_localtime_tzi
 .text          0x00025afc      0x35c /opt/hisi-linux-nptl/arm-hisiv100-linux/bin/../target/usr/lib/libc.a(fclose.os)
                0x00025afc                __GI_fclose
                0x00025afc                fclose
 .text          0x00025e58        0xc /opt/hisi-linux-nptl/arm-hisiv100-linux/bin/../target/usr/lib/libc.a(fopen.os)
                0x00025e58                __GI_fopen
                0x00025e58                fopen
 .text          0x00025e64      0x150 /opt/hisi-linux-nptl/arm-hisiv100-linux/bin/../target/usr/lib/libc.a(puts.os)
                0x00025e64                puts
 .text          0x00025fb4       0x40 /opt/hisi-linux-nptl/arm-hisiv100-linux/bin/../target/usr/lib/libc.a(printf.os)
                0x00025fb4                printf
                0x00025fb4                __GI_printf
 .text          0x00025ff4       0x24 /opt/hisi-linux-nptl/arm-hisiv100-linux/bin/../target/usr/lib/libc.a(fprintf.os)
                0x00025ff4                fprintf
                0x00025ff4                __GI_fprintf
 .text          0x00026018       0x24 /opt/hisi-linux-nptl/arm-hisiv100-linux/bin/../target/usr/lib/libc.a(snprintf.os)
                0x00026018                __GI_snprintf
                0x00026018                snprintf
 .text          0x0002603c       0x28 /opt/hisi-linux-nptl/arm-hisiv100-linux/bin/../target/usr/lib/libc.a(sprintf.os)
                0x0002603c                sprintf
                0x0002603c                __GI_sprintf
 .text          0x00026064       0xbc /opt/hisi-linux-nptl/arm-hisiv100-linux/bin/../target/usr/lib/libc.a(vsnprintf.os)
                0x00026064                __GI_vsnprintf
                0x00026064                vsnprintf
 .text          0x00026120      0x4d4 /opt/hisi-linux-nptl/arm-hisiv100-linux/bin/../target/usr/lib/libc.a(_fopen.os)
                0x00026120                _stdio_fopen
 .text          0x000265f4      0x1c4 /opt/hisi-linux-nptl/arm-hisiv100-linux/bin/../target/usr/lib/libc.a(_stdio.os)
                0x000265f4                _stdio_init
                0x00026670                _stdio_term
 .text          0x000267b8       0x30 /opt/hisi-linux-nptl/arm-hisiv100-linux/bin/../target/usr/lib/libc.a(_wcommit.os)
                0x000267b8                __stdio_wcommit
 .text          0x000267e8       0x44 /opt/hisi-linux-nptl/arm-hisiv100-linux/bin/../target/usr/lib/libc.a(_cs_funcs.os)
                0x000267e8                _cs_close
                0x000267f0                _cs_seek
                0x0002681c                _cs_write
                0x00026824                _cs_read
 .text          0x0002682c      0x144 /opt/hisi-linux-nptl/arm-hisiv100-linux/bin/../target/usr/lib/libc.a(vfprintf.os)
                0x0002682c                __GI_vfprintf
                0x0002682c                vfprintf
 .text          0x00026970      0x7a0 /opt/hisi-linux-nptl/arm-hisiv100-linux/bin/../target/usr/lib/libc.a(_vfprintf_internal.os)
                0x00026a38                _vfprintf_internal
 .text          0x00027110       0xf4 /opt/hisi-linux-nptl/arm-hisiv100-linux/bin/../target/usr/lib/libc.a(_ppfs_init.os)
                0x00027110                _ppfs_init
 .text          0x00027204       0x38 /opt/hisi-linux-nptl/arm-hisiv100-linux/bin/../target/usr/lib/libc.a(_ppfs_prepargs.os)
                0x00027204                _ppfs_prepargs
 .text          0x0002723c      0x174 /opt/hisi-linux-nptl/arm-hisiv100-linux/bin/../target/usr/lib/libc.a(_ppfs_setargs.os)
                0x0002723c                _ppfs_setargs
 .text          0x000273b0      0x5c0 /opt/hisi-linux-nptl/arm-hisiv100-linux/bin/../target/usr/lib/libc.a(_ppfs_parsespec.os)
                0x00027400                _ppfs_parsespec
 .text          0x00027970      0x124 /opt/hisi-linux-nptl/arm-hisiv100-linux/bin/../target/usr/lib/libc.a(fwrite.os)
                0x00027970                fwrite
                0x00027970                __GI_fwrite
 .text          0x00027a94      0x678 /opt/hisi-linux-nptl/arm-hisiv100-linux/bin/../target/usr/lib/libc.a(fflush_unlocked.os)
                0x00027a94                _stdio_openlist_dec_use
                0x00027d58                fflush_unlocked
                0x00027d58                __GI_fflush_unlocked
 .text          0x0002810c       0xf4 /opt/hisi-linux-nptl/arm-hisiv100-linux/bin/../target/usr/lib/libc.a(fputc_unlocked.os)
                0x0002810c                putc_unlocked
                0x0002810c                __GI___fputc_unlocked
                0x0002810c                __GI_putc_unlocked
                0x0002810c                __GI_fputc_unlocked
                0x0002810c                fputc_unlocked
                0x0002810c                __fputc_unlocked
 .text          0x00028200       0x34 /opt/hisi-linux-nptl/arm-hisiv100-linux/bin/../target/usr/lib/libc.a(fputs_unlocked.os)
                0x00028200                __GI_fputs_unlocked
                0x00028200                fputs_unlocked
 .text          0x00028234       0xa8 /opt/hisi-linux-nptl/arm-hisiv100-linux/bin/../target/usr/lib/libc.a(fwrite_unlocked.os)
                0x00028234                __GI_fwrite_unlocked
                0x00028234                fwrite_unlocked
 *fill*         0x000282dc        0x4 00000000
 .text          0x000282e0       0x10 /opt/hisi-linux-nptl/arm-hisiv100-linux/bin/../target/usr/lib/libc.a(memcpy.os)
                0x000282e0                memcpy
                0x000282e0                __GI_memcpy
 .text          0x000282f0       0x10 /opt/hisi-linux-nptl/arm-hisiv100-linux/bin/../target/usr/lib/libc.a(memmove.os)
                0x000282f0                memmove
                0x000282f0                __GI_memmove
 .text          0x00028300       0xa0 /opt/hisi-linux-nptl/arm-hisiv100-linux/bin/../target/usr/lib/libc.a(memset.os)
                0x00028300                __GI_memset
                0x00028300                memset
 .text          0x000283a0       0x20 /opt/hisi-linux-nptl/arm-hisiv100-linux/bin/../target/usr/lib/libc.a(strcmp.os)
                0x000283a0                __GI_strcmp
                0x000283a0                strcmp
 .text          0x000283c0       0x60 /opt/hisi-linux-nptl/arm-hisiv100-linux/bin/../target/usr/lib/libc.a(strlen.os)
                0x000283c0                strlen
                0x000283c0                __GI_strlen
 .text          0x00028420       0x18 /opt/hisi-linux-nptl/arm-hisiv100-linux/bin/../target/usr/lib/libc.a(mempcpy.os)
                0x00028420                mempcpy
                0x00028420                __GI_mempcpy
 .text          0x00028438       0xec /opt/hisi-linux-nptl/arm-hisiv100-linux/bin/../target/usr/lib/libc.a(strchr.os)
                0x00028438                __GI_strchr
                0x00028438                index
                0x00028438                strchr
 .text          0x00028524       0x24 /opt/hisi-linux-nptl/arm-hisiv100-linux/bin/../target/usr/lib/libc.a(strcpy.os)
                0x00028524                strcpy
                0x00028524                __GI_strcpy
 .text          0x00028548      0x11c /opt/hisi-linux-nptl/arm-hisiv100-linux/bin/../target/usr/lib/libc.a(strncmp.os)
                0x00028548                __GI_strncmp
                0x00028548                strncmp
 .text          0x00028664       0xb8 /opt/hisi-linux-nptl/arm-hisiv100-linux/bin/../target/usr/lib/libc.a(strncpy.os)
                0x00028664                strncpy
                0x00028664                __GI_strncpy
 .text          0x0002871c       0xd4 /opt/hisi-linux-nptl/arm-hisiv100-linux/bin/../target/usr/lib/libc.a(strnlen.os)
                0x0002871c                strnlen
                0x0002871c                __GI_strnlen
 .text          0x000287f0       0x14 /opt/hisi-linux-nptl/arm-hisiv100-linux/bin/../target/usr/lib/libc.a(__glibc_strerror_r.os)
                0x000287f0                __GI___glibc_strerror_r
                0x000287f0                __glibc_strerror_r
 .text          0x00028804       0x30 /opt/hisi-linux-nptl/arm-hisiv100-linux/bin/../target/usr/lib/libc.a(strerror.os)
                0x00028804                strerror
                0x00028804                __GI_strerror
 .text          0x00028834      0x138 /opt/hisi-linux-nptl/arm-hisiv100-linux/bin/../target/usr/lib/libc.a(__xpg_strerror_r.os)
                0x00028834                __xpg_strerror_r
                0x00028834                __GI___xpg_strerror_r
                0x00028834                strerror_r
 .text          0x0002896c       0x54 /opt/hisi-linux-nptl/arm-hisiv100-linux/bin/../target/usr/lib/libc.a(isatty.os)
                0x0002896c                isatty
                0x0002896c                __GI_isatty
 .text          0x000289c0       0xb4 /opt/hisi-linux-nptl/arm-hisiv100-linux/bin/../target/usr/lib/libc.a(tcgetattr.os)
                0x000289c0                __GI_tcgetattr
                0x000289c0                tcgetattr
 .text          0x00028a74      0x370 /opt/hisi-linux-nptl/arm-hisiv100-linux/bin/../target/usr/lib/libc.a(res_init.os)
                0x00028b38                __res_close
                0x00028c18                __GI___res_init
                0x00028c18                __res_init
 .text          0x00028de4       0xa4 /opt/hisi-linux-nptl/arm-hisiv100-linux/bin/../target/usr/lib/libc.a(connect.os)
                0x00028e24                connect
                0x00028e24                __GI_connect
                0x00028e24                __libc_connect
 .text          0x00028e88       0xac /opt/hisi-linux-nptl/arm-hisiv100-linux/bin/../target/usr/lib/libc.a(send.os)
                0x00028ec8                send
                0x00028ec8                __GI_send
                0x00028ec8                __libc_send
 .text          0x00028f34       0x40 /opt/hisi-linux-nptl/arm-hisiv100-linux/bin/../target/usr/lib/libc.a(socket.os)
                0x00028f34                socket
                0x00028f34                __GI_socket
 .text          0x00028f74      0x960 /opt/hisi-linux-nptl/arm-hisiv100-linux/bin/../target/usr/lib/libc.a(malloc.os)
                0x00028fec                malloc
 .text          0x000298d4      0x10c /opt/hisi-linux-nptl/arm-hisiv100-linux/bin/../target/usr/lib/libc.a(calloc.os)
                0x000298d4                calloc
 .text          0x000299e0      0x48c /opt/hisi-linux-nptl/arm-hisiv100-linux/bin/../target/usr/lib/libc.a(free.os)
                0x000299e0                __malloc_consolidate
                0x00029c40                malloc_trim
                0x00029c70                free
 .text          0x00029e6c      0x108 /opt/hisi-linux-nptl/arm-hisiv100-linux/bin/../target/usr/lib/libc.a(abort.os)
                0x00029e6c                abort
                0x00029e6c                __GI_abort
 .text          0x00029f74       0x80 /opt/hisi-linux-nptl/arm-hisiv100-linux/bin/../target/usr/lib/libc.a(getenv.os)
                0x00029f74                getenv
                0x00029f74                __GI_getenv
 .text          0x00029ff4       0x8c /opt/hisi-linux-nptl/arm-hisiv100-linux/bin/../target/usr/lib/libc.a(exit.os)
                0x00029ff4                __GI_exit
                0x00029ff4                exit
 .text          0x0002a080      0x734 /opt/hisi-linux-nptl/arm-hisiv100-linux/bin/../target/usr/lib/libc.a(sysconf.os)
                0x0002a1ac                sysconf
                0x0002a1ac                __GI_sysconf
 .text          0x0002a7b4       0x64 /opt/hisi-linux-nptl/arm-hisiv100-linux/bin/../target/usr/lib/libc.a(clone.os)
                0x0002a7b4                __clone
                0x0002a7b4                clone
 .text          0x0002a818       0x68 /opt/hisi-linux-nptl/arm-hisiv100-linux/bin/../target/usr/lib/libc.a(libc_pthread_init.os)
                0x0002a818                __libc_pthread_init
 .text          0x0002a880        0x0 /opt/hisi-linux-nptl/arm-hisiv100-linux/bin/../target/usr/lib/libc.a(libc_multiple_threads.os)
 .text          0x0002a880      0x234 /opt/hisi-linux-nptl/arm-hisiv100-linux/bin/../target/usr/lib/libc.a(register-atfork.os)
                0x0002a880                __linkin_atfork
                0x0002a90c                __GI___register_atfork
                0x0002a90c                __register_atfork
 .text          0x0002aab4       0x80 /opt/hisi-linux-nptl/arm-hisiv100-linux/bin/../target/usr/lib/libc.a(getpid.os)
                0x0002aab4                __getpid
                0x0002aab4                getpid
                0x0002aab4                __GI_getpid
 .text          0x0002ab34      0x124 /opt/hisi-linux-nptl/arm-hisiv100-linux/bin/../target/usr/lib/libc.a(raise.os)
                0x0002ab34                __GI_raise
                0x0002ab34                raise
 .text          0x0002ac58       0x7c /opt/hisi-linux-nptl/arm-hisiv100-linux/bin/../target/usr/lib/libc.a(jmp-unwind.os)
                0x0002ac58                _longjmp_unwind
 *fill*         0x0002acd4        0xc 00000000
 .text          0x0002ace0       0x90 /opt/hisi-linux-nptl/arm-hisiv100-linux/bin/../target/usr/lib/libc.a(close.os)
                0x0002ace4                __GI___close_nocancel
                0x0002ace4                __close_nocancel
                0x0002ad00                __GI_close
                0x0002ad00                __GI___libc_close
                0x0002ad00                __libc_close
                0x0002ad00                __close
                0x0002ad00                __GI___close
                0x0002ad00                close
 .text          0x0002ad70       0x90 /opt/hisi-linux-nptl/arm-hisiv100-linux/bin/../target/usr/lib/libc.a(open.os)
                0x0002ad74                __GI___open_nocancel
                0x0002ad74                __open_nocancel
                0x0002ad90                __open
                0x0002ad90                __GI_open
                0x0002ad90                __GI___open
                0x0002ad90                __libc_open
                0x0002ad90                __GI___libc_open
                0x0002ad90                open
 .text          0x0002ae00       0x90 /opt/hisi-linux-nptl/arm-hisiv100-linux/bin/../target/usr/lib/libc.a(write.os)
                0x0002ae04                __GI___write_nocancel
                0x0002ae04                __write_nocancel
                0x0002ae20                __write
                0x0002ae20                __GI_write
                0x0002ae20                write
                0x0002ae20                __GI___libc_write
                0x0002ae20                __GI___write
                0x0002ae20                __libc_write
 .text          0x0002ae90       0x90 /opt/hisi-linux-nptl/arm-hisiv100-linux/bin/../target/usr/lib/libc.a(read.os)
                0x0002ae94                __read_nocancel
                0x0002ae94                __GI___read_nocancel
                0x0002aeb0                __read
                0x0002aeb0                __GI_read
                0x0002aeb0                __libc_read
                0x0002aeb0                __GI___read
                0x0002aeb0                read
                0x0002aeb0                __GI___libc_read
 .text          0x0002af20      0x140 /opt/hisi-linux-nptl/arm-hisiv100-linux/bin/../target/usr/lib/libc.a(libc-cancellation.os)
                0x0002af20                __libc_disable_asynccancel
                0x0002afa8                __libc_enable_asynccancel
 .text          0x0002b060      0x2c8 /opt/hisi-linux-nptl/arm-hisiv100-linux/bin/../target/usr/lib/libc.a(libc-tls.os)
                0x0002b118                _dl_tls_setup
                0x0002b134                __tls_get_addr
                0x0002b154                __libc_setup_tls
 .text          0x0002b328      0x588 /opt/hisi-linux-nptl/arm-hisiv100-linux/bin/../target/usr/lib/libc.a(dl-tls.os)
                0x0002b328                _dl_get_tls_static_info
                0x0002b360                _dl_memalign
                0x0002b368                _dl_add_to_slotinfo
                0x0002b45c                _dl_deallocate_tls
                0x0002b538                _dl_allocate_tls_init
                0x0002b64c                _dl_allocate_tls_storage
                0x0002b6e4                _dl_allocate_tls
                0x0002b704                _dl_next_tls_modid
                0x0002b7d8                _dl_allocate_static_tls
 .text          0x0002b8b0       0x90 /opt/hisi-linux-nptl/arm-hisiv100-linux/bin/../target/usr/lib/libc.a(dl-support.os)
                0x0002b8b0                _dl_aux_init
                0x0002b8e8                _dl_nothread_init_static_tls
 .text          0x0002b940      0x550 /opt/hisi-linux-nptl/arm-hisiv100-linux/bin/../target/usr/lib/libc.a(__uClibc_main.os)
                0x0002b974                __GI___uClibc_fini
                0x0002b974                __uClibc_fini
                0x0002ba38                __GI___uClibc_init
                0x0002ba38                __uClibc_init
                0x0002bb38                __uClibc_main
 .text          0x0002be90       0x28 /opt/hisi-linux-nptl/arm-hisiv100-linux/bin/../target/usr/lib/libc.a(__syscall_error.os)
                0x0002be90                __syscall_error
 .text          0x0002beb8       0x14 /opt/hisi-linux-nptl/arm-hisiv100-linux/bin/../target/usr/lib/libc.a(__longjmp.os)
                0x0002beb8                __longjmp
                0x0002beb8                __GI___longjmp
 .text          0x0002becc        0xc /opt/hisi-linux-nptl/arm-hisiv100-linux/bin/../target/usr/lib/libc.a(setjmp.os)
                0x0002becc                __sigsetjmp
 .text          0x0002bed8       0x20 /opt/hisi-linux-nptl/arm-hisiv100-linux/bin/../target/usr/lib/libc.a(getdtablesize.os)
                0x0002bed8                getdtablesize
                0x0002bed8                __GI_getdtablesize
 .text          0x0002bef8       0x10 /opt/hisi-linux-nptl/arm-hisiv100-linux/bin/../target/usr/lib/libc.a(getegid.os)
                0x0002bef8                getegid
                0x0002bef8                __GI_getegid
 .text          0x0002bf08       0x10 /opt/hisi-linux-nptl/arm-hisiv100-linux/bin/../target/usr/lib/libc.a(geteuid.os)
                0x0002bf08                geteuid
                0x0002bf08                __GI_geteuid
 .text          0x0002bf18       0x10 /opt/hisi-linux-nptl/arm-hisiv100-linux/bin/../target/usr/lib/libc.a(getgid.os)
                0x0002bf18                getgid
                0x0002bf18                __GI_getgid
 .text          0x0002bf28       0x10 /opt/hisi-linux-nptl/arm-hisiv100-linux/bin/../target/usr/lib/libc.a(getuid.os)
                0x0002bf28                getuid
                0x0002bf28                __GI_getuid
 .text          0x0002bf38       0x3c /opt/hisi-linux-nptl/arm-hisiv100-linux/bin/../target/usr/lib/libc.a(kill.os)
                0x0002bf38                kill
                0x0002bf38                __GI_kill
 .text          0x0002bf74       0x3c /opt/hisi-linux-nptl/arm-hisiv100-linux/bin/../target/usr/lib/libc.a(lseek.os)
                0x0002bf74                lseek
                0x0002bf74                __GI_lseek
 .text          0x0002bfb0       0x64 /opt/hisi-linux-nptl/arm-hisiv100-linux/bin/../target/usr/lib/libc.a(sbrk.os)
                0x0002bfb0                __GI_sbrk
                0x0002bfb0                sbrk
 .text          0x0002c014      0x174 /opt/hisi-linux-nptl/arm-hisiv100-linux/bin/../target/usr/lib/libc.a(__syscall_fcntl.os)
                0x0002c014                __GI___fcntl_nocancel
                0x0002c014                __fcntl_nocancel
                0x0002c09c                __libc_fcntl
                0x0002c09c                __GI___libc_fcntl
                0x0002c09c                __GI_fcntl
                0x0002c09c                fcntl
 .text          0x0002c188       0x24 /opt/hisi-linux-nptl/arm-hisiv100-linux/bin/../target/usr/lib/libc.a(time.os)
                0x0002c188                __GI_time
                0x0002c188                time
 .text          0x0002c1ac       0x68 /opt/hisi-linux-nptl/arm-hisiv100-linux/bin/../target/usr/lib/libc.a(llseek.os)
                0x0002c1ac                __GI_lseek64
                0x0002c1ac                lseek64
 .text          0x0002c214        0x0 /opt/hisi-linux-nptl/arm-hisiv100-linux/bin/../target/usr/lib/libc.a(__C_ctype_b.os)
 .text          0x0002c214       0xcc /opt/hisi-linux-nptl/arm-hisiv100-linux/bin/../target/usr/lib/libc.a(closedir.os)
                0x0002c214                __GI_closedir
                0x0002c214                closedir
 .text          0x0002c2e0      0x1f4 /opt/hisi-linux-nptl/arm-hisiv100-linux/bin/../target/usr/lib/libc.a(opendir.os)
                0x0002c370                __GI_opendir
                0x0002c370                opendir
                0x0002c434                fdopendir
 .text          0x0002c4d4       0xbc /opt/hisi-linux-nptl/arm-hisiv100-linux/bin/../target/usr/lib/libc.a(readdir64.os)
                0x0002c4d4                readdir64
                0x0002c4d4                __GI_readdir64
 .text          0x0002c590      0x360 /opt/hisi-linux-nptl/arm-hisiv100-linux/bin/../target/usr/lib/libc.a(parse_config.os)
                0x0002c590                __GI_config_read
                0x0002c874                __GI_config_close
                0x0002c8a8                __GI_config_open
 .text          0x0002c8f0      0x944 /opt/hisi-linux-nptl/arm-hisiv100-linux/bin/../target/usr/lib/libc.a(_locale_init.os)
                0x0002c8f0                _locale_set_l
                0x0002d0b4                _locale_init_l
                0x0002d214                _locale_init
 .text          0x0002d234       0xb8 /opt/hisi-linux-nptl/arm-hisiv100-linux/bin/../target/usr/lib/libc.a(__locale_mbrtowc_l.os)
                0x0002d234                __locale_mbrtowc_l
 .text          0x0002d2ec       0x1c /opt/hisi-linux-nptl/arm-hisiv100-linux/bin/../target/usr/lib/libc.a(asctime.os)
                0x0002d2ec                asctime
                0x0002d2ec                __GI_asctime
 .text          0x0002d308      0x140 /opt/hisi-linux-nptl/arm-hisiv100-linux/bin/../target/usr/lib/libc.a(asctime_r.os)
                0x0002d308                __GI_asctime_r
                0x0002d308                asctime_r
 .text          0x0002d448      0x1f8 /opt/hisi-linux-nptl/arm-hisiv100-linux/bin/../target/usr/lib/libc.a(_time_t2tm.os)
                0x0002d448                _time_t2tm
 .text          0x0002d640       0x84 /opt/hisi-linux-nptl/arm-hisiv100-linux/bin/../target/usr/lib/libc.a(wcrtomb.os)
                0x0002d640                __GI_wcrtomb
                0x0002d640                wcrtomb
 .text          0x0002d6c4       0x3c /opt/hisi-linux-nptl/arm-hisiv100-linux/bin/../target/usr/lib/libc.a(mbsrtowcs.os)
                0x0002d6c4                __GI_mbsrtowcs
                0x0002d6c4                mbsrtowcs
 .text          0x0002d700       0x1c /opt/hisi-linux-nptl/arm-hisiv100-linux/bin/../target/usr/lib/libc.a(wcsrtombs.os)
                0x0002d700                __GI_wcsrtombs
                0x0002d700                wcsrtombs
 .text          0x0002d71c      0x1c0 /opt/hisi-linux-nptl/arm-hisiv100-linux/bin/../target/usr/lib/libc.a(_wchar_utf8sntowcs.os)
                0x0002d71c                _wchar_utf8sntowcs
 .text          0x0002d8dc      0x18c /opt/hisi-linux-nptl/arm-hisiv100-linux/bin/../target/usr/lib/libc.a(mbsnrtowcs.os)
                0x0002d8dc                mbsnrtowcs
                0x0002d8dc                __GI_mbsnrtowcs
 .text          0x0002da68      0x1c4 /opt/hisi-linux-nptl/arm-hisiv100-linux/bin/../target/usr/lib/libc.a(wcsnrtombs.os)
                0x0002da68                __GI_wcsnrtombs
                0x0002da68                wcsnrtombs
 .text          0x0002dc2c       0xb8 /opt/hisi-linux-nptl/arm-hisiv100-linux/bin/../target/usr/lib/libc.a(_WRITE.os)
                0x0002dc2c                __stdio_WRITE
 .text          0x0002dce4      0x134 /opt/hisi-linux-nptl/arm-hisiv100-linux/bin/../target/usr/lib/libc.a(_fwrite.os)
                0x0002dce4                __stdio_fwrite
 .text          0x0002de18       0xe0 /opt/hisi-linux-nptl/arm-hisiv100-linux/bin/../target/usr/lib/libc.a(_trans2w.os)
                0x0002de18                __stdio_trans2w_o
 .text          0x0002def8       0x74 /opt/hisi-linux-nptl/arm-hisiv100-linux/bin/../target/usr/lib/libc.a(_load_inttype.os)
                0x0002def8                _load_inttype
 .text          0x0002df6c       0x2c /opt/hisi-linux-nptl/arm-hisiv100-linux/bin/../target/usr/lib/libc.a(_store_inttype.os)
                0x0002df6c                _store_inttype
 .text          0x0002df98      0x240 /opt/hisi-linux-nptl/arm-hisiv100-linux/bin/../target/usr/lib/libc.a(_uintmaxtostr.os)
                0x0002df98                _uintmaxtostr
 .text          0x0002e1d8      0xc2c /opt/hisi-linux-nptl/arm-hisiv100-linux/bin/../target/usr/lib/libc.a(_fpmaxtostr.os)
                0x0002e1d8                _fpmaxtostr
 .text          0x0002ee04      0x138 /opt/hisi-linux-nptl/arm-hisiv100-linux/bin/../target/usr/lib/libc.a(fgetc.os)
                0x0002ee04                __GI_fgetc
                0x0002ee04                getc
                0x0002ee04                fgetc
 .text          0x0002ef3c      0x11c /opt/hisi-linux-nptl/arm-hisiv100-linux/bin/../target/usr/lib/libc.a(fgets.os)
                0x0002ef3c                fgets
                0x0002ef3c                __GI_fgets
 .text          0x0002f058      0x114 /opt/hisi-linux-nptl/arm-hisiv100-linux/bin/../target/usr/lib/libc.a(fgetc_unlocked.os)
                0x0002f058                getc_unlocked
                0x0002f058                __GI_fgetc_unlocked
                0x0002f058                __fgetc_unlocked
                0x0002f058                __GI_getc_unlocked
                0x0002f058                __GI___fgetc_unlocked
                0x0002f058                fgetc_unlocked
 .text          0x0002f16c       0x94 /opt/hisi-linux-nptl/arm-hisiv100-linux/bin/../target/usr/lib/libc.a(fgets_unlocked.os)
                0x0002f16c                __GI_fgets_unlocked
                0x0002f16c                fgets_unlocked
 .text          0x0002f200       0x30 /opt/hisi-linux-nptl/arm-hisiv100-linux/bin/../target/usr/lib/libc.a(memcmp.os)
                0x0002f200                bcmp
                0x0002f200                __GI_memcmp
                0x0002f200                memcmp
 .text          0x0002f230      0x490 /opt/hisi-linux-nptl/arm-hisiv100-linux/bin/../target/usr/lib/libc.a(_memcpy.os)
                0x0002f230                _memcpy
 .text          0x0002f6c0       0xf4 /opt/hisi-linux-nptl/arm-hisiv100-linux/bin/../target/usr/lib/libc.a(memchr.os)
                0x0002f6c0                __GI_memchr
                0x0002f6c0                memchr
 .text          0x0002f7b4       0xe4 /opt/hisi-linux-nptl/arm-hisiv100-linux/bin/../target/usr/lib/libc.a(memrchr.os)
                0x0002f7b4                memrchr
                0x0002f7b4                __GI_memrchr
 .text          0x0002f898       0xf0 /opt/hisi-linux-nptl/arm-hisiv100-linux/bin/../target/usr/lib/libc.a(strchrnul.os)
                0x0002f898                __GI_strchrnul
                0x0002f898                strchrnul
 .text          0x0002f988       0x40 /opt/hisi-linux-nptl/arm-hisiv100-linux/bin/../target/usr/lib/libc.a(strcspn.os)
                0x0002f988                strcspn
                0x0002f988                __GI_strcspn
 .text          0x0002f9c8       0x48 /opt/hisi-linux-nptl/arm-hisiv100-linux/bin/../target/usr/lib/libc.a(strspn.os)
                0x0002f9c8                __GI_strspn
                0x0002f9c8                strspn
 .text          0x0002fa10        0x0 /opt/hisi-linux-nptl/arm-hisiv100-linux/bin/../target/usr/lib/libc.a(_string_syserrmsgs.os)
 .text          0x0002fa10      0x530 /opt/hisi-linux-nptl/arm-hisiv100-linux/bin/../target/usr/lib/libc.a(opennameservers.os)
                0x0002fab0                __open_nameservers
 .text          0x0002ff40       0x90 /opt/hisi-linux-nptl/arm-hisiv100-linux/bin/../target/usr/lib/libc.a(closenameservers.os)
                0x0002ff40                __close_nameservers
 .text          0x0002ffd0       0x3c /opt/hisi-linux-nptl/arm-hisiv100-linux/bin/../target/usr/lib/libc.a(sigjmp.os)
                0x0002ffd0                __sigjmp_save
 .text          0x0003000c      0x35c /opt/hisi-linux-nptl/arm-hisiv100-linux/bin/../target/usr/lib/libc.a(realloc.os)
                0x0003000c                realloc
 .text          0x00030368        0xc /opt/hisi-linux-nptl/arm-hisiv100-linux/bin/../target/usr/lib/libc.a(atol.os)
                0x00030368                atol
                0x00030368                atoi
                0x00030368                __GI_atoi
 .text          0x00030374        0x8 /opt/hisi-linux-nptl/arm-hisiv100-linux/bin/../target/usr/lib/libc.a(strtol.os)
                0x00030374                strtol
                0x00030374                __GI_strtol
 .text          0x0003037c      0x1ac /opt/hisi-linux-nptl/arm-hisiv100-linux/bin/../target/usr/lib/libc.a(_stdlib_strto_l.os)
                0x0003037c                _stdlib_strto_l
 .text          0x00030528      0x3e4 /opt/hisi-linux-nptl/arm-hisiv100-linux/bin/../target/usr/lib/libc.a(fork.os)
                0x00030528                fork
                0x00030528                __GI_fork
                0x00030528                __libc_fork
                0x00030528                __fork
 .text          0x0003090c        0x0 /opt/hisi-linux-nptl/arm-hisiv100-linux/bin/../target/usr/lib/libc.a(locale_data.os)
 .text          0x0003090c       0x54 /opt/hisi-linux-nptl/arm-hisiv100-linux/bin/../target/usr/lib/libc.a(brk.os)
                0x0003090c                __GI_brk
                0x0003090c                brk
 .text          0x00030960       0x64 /opt/hisi-linux-nptl/arm-hisiv100-linux/bin/../target/usr/lib/libc.a(fstat.os)
                0x00030960                fstat
                0x00030960                __GI_fstat
 .text          0x000309c4       0xb0 /opt/hisi-linux-nptl/arm-hisiv100-linux/bin/../target/usr/lib/libc.a(gethostname.os)
                0x000309c4                __GI_gethostname
                0x000309c4                gethostname
 .text          0x00030a74       0x40 /opt/hisi-linux-nptl/arm-hisiv100-linux/bin/../target/usr/lib/libc.a(mremap.os)
                0x00030a74                mremap
                0x00030a74                __GI_mremap
 .text          0x00030ab4       0x3c /opt/hisi-linux-nptl/arm-hisiv100-linux/bin/../target/usr/lib/libc.a(uname.os)
                0x00030ab4                uname
                0x00030ab4                __GI_uname
 .text          0x00030af0      0x174 /opt/hisi-linux-nptl/arm-hisiv100-linux/bin/../target/usr/lib/libc.a(getdents64.os)
                0x00030af0                __getdents64
 .text          0x00030c64        0x0 /opt/hisi-linux-nptl/arm-hisiv100-linux/bin/../target/usr/lib/libc.a(__C_ctype_tolower.os)
 .text          0x00030c64        0x0 /opt/hisi-linux-nptl/arm-hisiv100-linux/bin/../target/usr/lib/libc.a(__C_ctype_toupper.os)
 .text          0x00030c64      0x16c /opt/hisi-linux-nptl/arm-hisiv100-linux/bin/../target/usr/lib/libc.a(_wchar_wcsntoutf8s.os)
                0x00030c64                _wchar_wcsntoutf8s
 .text          0x00030dd0       0x18 /opt/hisi-linux-nptl/arm-hisiv100-linux/bin/../target/usr/lib/libc.a(fseeko.os)
                0x00030dd0                __GI_fseek
                0x00030dd0                fseeko
                0x00030dd0                fseek
 .text          0x00030de8      0x1c0 /opt/hisi-linux-nptl/arm-hisiv100-linux/bin/../target/usr/lib/libc.a(fseeko64.os)
                0x00030de8                __GI_fseeko64
                0x00030de8                fseeko64
 .text          0x00030fa8       0x78 /opt/hisi-linux-nptl/arm-hisiv100-linux/bin/../target/usr/lib/libc.a(_READ.os)
                0x00030fa8                __stdio_READ
 .text          0x00031020       0xbc /opt/hisi-linux-nptl/arm-hisiv100-linux/bin/../target/usr/lib/libc.a(_adjust_pos.os)
                0x00031020                __stdio_adjust_position
 .text          0x000310dc       0x2c /opt/hisi-linux-nptl/arm-hisiv100-linux/bin/../target/usr/lib/libc.a(_rfill.os)
                0x000310dc                __stdio_rfill
 .text          0x00031108       0x9c /opt/hisi-linux-nptl/arm-hisiv100-linux/bin/../target/usr/lib/libc.a(_trans2r.os)
                0x00031108                __stdio_trans2r_o
 .text          0x000311a4       0x34 /opt/hisi-linux-nptl/arm-hisiv100-linux/bin/../target/usr/lib/libc.a(strdup.os)
                0x000311a4                __GI_strdup
                0x000311a4                strdup
 .text          0x000311d8      0x78c /opt/hisi-linux-nptl/arm-hisiv100-linux/bin/../target/usr/lib/libc.a(ntop.os)
                0x00031294                inet_pton
                0x00031294                __GI_inet_pton
                0x00031678                __GI_inet_ntop
                0x00031678                inet_ntop
 .text          0x00031964      0x240 /opt/hisi-linux-nptl/arm-hisiv100-linux/bin/../lib/gcc/arm-hisiv100-linux-uclibcgnueabi/4.4.1/libgcc.a(_divsi3.o)
                0x00031964                __aeabi_idiv
                0x00031964                __divsi3
                0x00031b84                __aeabi_idivmod
 .text          0x00031ba4      0x12c /opt/hisi-linux-nptl/arm-hisiv100-linux/bin/../lib/gcc/arm-hisiv100-linux-uclibcgnueabi/4.4.1/libgcc.a(_arm_cmpdf2.o)
                0x00031ba4                __gtdf2
                0x00031ba4                __gedf2
                0x00031bac                __ltdf2
                0x00031bac                __ledf2
                0x00031bb4                __cmpdf2
                0x00031bb4                __eqdf2
                0x00031bb4                __nedf2
                0x00031c3c                __aeabi_cdrcmple
                0x00031c58                __aeabi_cdcmple
                0x00031c58                __aeabi_cdcmpeq
                0x00031c6c                __aeabi_dcmpeq
                0x00031c80                __aeabi_dcmplt
                0x00031c94                __aeabi_dcmple
                0x00031ca8                __aeabi_dcmpge
                0x00031cbc                __aeabi_dcmpgt
 .text          0x00031cd0        0x0 /opt/hisi-linux-nptl/arm-hisiv100-linux/bin/../lib/gcc/arm-hisiv100-linux-uclibcgnueabi/4.4.1/crtend.o
 .text          0x00031cd0        0x0 /opt/hisi-linux-nptl/arm-hisiv100-linux/bin/../target/usr/lib/crtn.o
 *(.gnu.warning)
 *(.glue_7t)
 .glue_7t       0x00000000        0x0 linker stubs
 *(.glue_7)
 .glue_7        0x00000000        0x0 linker stubs
 *(.vfp11_veneer)
 .vfp11_veneer  0x00000000        0x0 linker stubs
 *(.v4_bx)
 .v4_bx         0x00000000        0x0 linker stubs

.fini           0x00031cd0       0x10
 *(.fini)
 .fini          0x00031cd0        0xc /opt/hisi-linux-nptl/arm-hisiv100-linux/bin/../target/usr/lib/crti.o
                0x00031cd0                _fini
 .fini          0x00031cdc        0x4 /opt/hisi-linux-nptl/arm-hisiv100-linux/bin/../target/usr/lib/crtn.o
                0x00031ce0                PROVIDE (__etext, .)
                0x00031ce0                PROVIDE (_etext, .)
                0x00031ce0                PROVIDE (etext, .)

.rodata         0x00031ce0    0x367f0
 *(.rodata .rodata.* .gnu.linkonce.r.*)
 .rodata        0x00031ce0       0x18 main.o
 .rodata.str1.4
                0x00031cf8      0x1fc main.o
 .rodata        0x00031ef4       0x18 init.o
 .rodata.str1.4
                0x00031f0c      0x133 init.o
                                0x148 (size before relaxing)
 *fill*         0x0003203f        0x1 00
 .rodata.str1.4
                0x00032040       0x4e fvideo.o
                                 0x50 (size before relaxing)
 *fill*         0x0003208e        0x2 00
 .rodata        0x00032090       0x98 videoenc.o
 .rodata.str1.4
                0x00032128      0x772 videoenc.o
                                0x774 (size before relaxing)
 *fill*         0x0003289a        0x2 00
 .rodata        0x0003289c       0x30 dvr/i2c/i2c.o
 .rodata.str1.4
                0x000328cc      0x109 dvr/i2c/i2c.o
                                0x10c (size before relaxing)
 *fill*         0x000329d5        0x3 00
 .rodata.str1.4
                0x000329d8       0xdb dvr/sysreg/sys_reg_public.o
                                 0xdc (size before relaxing)
 *fill*         0x00032ab3        0x1 00
 .rodata        0x00032ab4      0x17c /opt/hisi-linux-nptl/arm-hisiv100-linux/bin/../target/usr/lib/libpthread.a(pthread_create.os)
                0x00032ad4                _thread_db_pthread_dtvp
                0x00032ae0                _thread_db_pthread_list
                0x00032aec                _thread_db_pthread_report_events
                0x00032af8                _thread_db_pthread_tid
                0x00032b04                _thread_db_pthread_start_routine
                0x00032b10                _thread_db_pthread_cancelhandling
                0x00032b1c                _thread_db_pthread_schedpolicy
                0x00032b28                _thread_db_pthread_schedparam_sched_priority
                0x00032b34                _thread_db_pthread_specific
                0x00032b40                _thread_db_pthread_eventbuf
                0x00032b4c                _thread_db_pthread_eventbuf_eventmask
                0x00032b58                _thread_db_pthread_eventbuf_eventmask_event_bits
                0x00032b64                _thread_db_pthread_nextevent
                0x00032b70                _thread_db_list_t_next
                0x00032b7c                _thread_db_list_t_prev
                0x00032b88                _thread_db_td_thr_events_t_event_bits
                0x00032b94                _thread_db_td_eventbuf_t_eventnum
                0x00032ba0                _thread_db_td_eventbuf_t_eventdata
                0x00032bac                _thread_db___nptl_nthreads
                0x00032bb8                _thread_db___nptl_last_event
                0x00032bc4                _thread_db___pthread_keys
                0x00032bd0                _thread_db_pthread_key_struct_seq
                0x00032bdc                _thread_db_pthread_key_struct_destr
                0x00032be8                _thread_db_pthread_key_data_seq
                0x00032bf4                _thread_db_pthread_key_data_data
                0x00032c00                _thread_db_pthread_key_data_level2_data
                0x00032c0c                _thread_db_link_map_l_tls_modid
                0x00032c18                _thread_db_dtv_dtv
                0x00032c24                _thread_db_dtv_t_pointer_val
 .rodata.cst4   0x00032c30       0x10 /opt/hisi-linux-nptl/arm-hisiv100-linux/bin/../target/usr/lib/libpthread.a(pthread_create.os)
                                 0x20 (size before relaxing)
                0x00032c30                _thread_db_sizeof_pthread
                0x00032c30                _thread_db_const_thread_area
                0x00032c34                _thread_db_sizeof_td_thr_events_t
                0x00032c34                _thread_db_sizeof_pthread_key_struct
                0x00032c34                _thread_db_sizeof_pthread_key_data
                0x00032c34                _thread_db_sizeof_list_t
                0x00032c38                _thread_db_sizeof_td_eventbuf_t
                0x00032c3c                _thread_db_sizeof_pthread_key_data_level2
 .rodata.cst4   0x00032c40        0x4 /opt/hisi-linux-nptl/arm-hisiv100-linux/bin/../target/usr/lib/libpthread.a(pthread_mutex_init.os)
 .rodata.str1.4
                0x00032c44        0x7 /opt/hisi-linux-nptl/arm-hisiv100-linux/bin/../target/usr/lib/libpthread.a(init.os)
                                  0x8 (size before relaxing)
 .rodata.str1.1
                0x00032c4b       0x1f /opt/hisi-linux-nptl/arm-hisiv100-linux/bin/../target/usr/lib/libpthread.a(unwind.os)
 *fill*         0x00032c6a        0x2 00
 .rodata        0x00032c6c      0x80c ./lib/libmpi.a(mpi_venc.o)
 .rodata.str1.4
                0x00033478      0x2e6 ./lib/libmpi.a(mpi_venc.o)
                                0x2e8 (size before relaxing)
 *fill*         0x0003375e        0x2 00
 .rodata        0x00033760      0x588 ./lib/libmpi.a(mpi_vi.o)
 .rodata.str1.4
                0x00033ce8       0xe3 ./lib/libmpi.a(mpi_vi.o)
                                 0xe4 (size before relaxing)
 .rodata.str1.1
                0x00033dcb       0x11 /opt/hisi-linux-nptl/arm-hisiv100-linux/bin/../target/usr/lib/libc.a(ssp.os)
 .rodata.str1.4
                0x00033ddc       0x26 /opt/hisi-linux-nptl/arm-hisiv100-linux/bin/../target/usr/lib/libc.a(ssp.os)
                                 0x28 (size before relaxing)
 .rodata.str1.1
                0x00033e02       0x33 /opt/hisi-linux-nptl/arm-hisiv100-linux/bin/../target/usr/lib/libc.a(__assert.os)
 *fill*         0x00033e35        0x3 00
 .rodata        0x00033e38       0x1c /opt/hisi-linux-nptl/arm-hisiv100-linux/bin/../target/usr/lib/libc.a(syslog.os)
 .rodata.str1.1
                0x00033e54       0x40 /opt/hisi-linux-nptl/arm-hisiv100-linux/bin/../target/usr/lib/libc.a(syslog.os)
 .rodata        0x00033e94       0x38 /opt/hisi-linux-nptl/arm-hisiv100-linux/bin/../target/usr/lib/libc.a(tzset.os)
 .rodata.str1.1
                0x00033ecc       0x1c /opt/hisi-linux-nptl/arm-hisiv100-linux/bin/../target/usr/lib/libc.a(tzset.os)
 .rodata        0x00033ee8       0x10 /opt/hisi-linux-nptl/arm-hisiv100-linux/bin/../target/usr/lib/libc.a(_time_localtime_tzi.os)
 .rodata        0x00033ef8       0x14 /opt/hisi-linux-nptl/arm-hisiv100-linux/bin/../target/usr/lib/libc.a(_vfprintf_internal.os)
 .rodata.str1.1
                0x00033f0c        0xd /opt/hisi-linux-nptl/arm-hisiv100-linux/bin/../target/usr/lib/libc.a(_vfprintf_internal.os)
 *fill*         0x00033f19        0x3 00
 .rodata.str1.4
                0x00033f1c       0x21 /opt/hisi-linux-nptl/arm-hisiv100-linux/bin/../target/usr/lib/libc.a(_ppfs_init.os)
                                 0x24 (size before relaxing)
 *fill*         0x00033f3d        0x3 00
 .rodata        0x00033f40       0x64 /opt/hisi-linux-nptl/arm-hisiv100-linux/bin/../target/usr/lib/libc.a(_ppfs_parsespec.os)
 .rodata.str1.4
                0x00033fa4       0x20 /opt/hisi-linux-nptl/arm-hisiv100-linux/bin/../target/usr/lib/libc.a(_ppfs_parsespec.os)
 .rodata        0x00033fc4       0x10 /opt/hisi-linux-nptl/arm-hisiv100-linux/bin/../target/usr/lib/libc.a(__xpg_strerror_r.os)
 .rodata        0x00033fd4        0x4 /opt/hisi-linux-nptl/arm-hisiv100-linux/bin/../target/usr/lib/libc.a(sysconf.os)
 .rodata.str1.1
                0x00033fd8       0x3b /opt/hisi-linux-nptl/arm-hisiv100-linux/bin/../target/usr/lib/libc.a(sysconf.os)
                                 0x3d (size before relaxing)
 .rodata.str1.1
                0x00034013        0xe /opt/hisi-linux-nptl/arm-hisiv100-linux/bin/../target/usr/lib/libc.a(libc-tls.os)
 .rodata.str1.1
                0x00034021       0x55 /opt/hisi-linux-nptl/arm-hisiv100-linux/bin/../target/usr/lib/libc.a(dl-tls.os)
 .rodata.str1.1
                0x00034076       0x17 /opt/hisi-linux-nptl/arm-hisiv100-linux/bin/../target/usr/lib/libc.a(__uClibc_main.os)
                                 0x18 (size before relaxing)
 *fill*         0x0003408d        0x3 00
 .rodata        0x00034090      0x300 /opt/hisi-linux-nptl/arm-hisiv100-linux/bin/../target/usr/lib/libc.a(__C_ctype_b.os)
 .rodata.str1.1